Looking in links: /cvmfs/soft.computecanada.ca/custom/python/wheelhouse/gentoo2023/x86-64-v3, /cvmfs/soft.computecanada.ca/custom/python/wheelhouse/gentoo2023/generic, /cvmfs/soft.computecanada.ca/custom/python/wheelhouse/generic
Requirement already satisfied: pyarrow in /cvmfs/soft.computecanada.ca/easybuild/software/2023/x86-64-v3/Compiler/gcccore/arrow/19.0.1/lib/python3.12/site-packages (19.0.1)
Looking in links: /cvmfs/soft.computecanada.ca/custom/python/wheelhouse/gentoo2023/x86-64-v3, /cvmfs/soft.computecanada.ca/custom/python/wheelhouse/gentoo2023/generic, /cvmfs/soft.computecanada.ca/custom/python/wheelhouse/generic
Requirement already satisfied: torch in /project/6078835/gn533549/LLMPersonality/ENV/lib/python3.12/site-packages (2.6.0+computecanada)
Requirement already satisfied: filelock in /project/6078835/gn533549/LLMPersonality/ENV/lib/python3.12/site-packages (from torch) (3.18.0+computecanada)
Requirement already satisfied: typing-extensions>=4.10.0 in /project/6078835/gn533549/LLMPersonality/ENV/lib/python3.12/site-packages (from torch) (4.13.0)
Requirement already satisfied: networkx in /project/6078835/gn533549/LLMPersonality/ENV/lib/python3.12/site-packages (from torch) (3.4.2+computecanada)
Requirement already satisfied: jinja2 in /project/6078835/gn533549/LLMPersonality/ENV/lib/python3.12/site-packages (from torch) (3.1.6+computecanada)
Requirement already satisfied: fsspec in /project/6078835/gn533549/LLMPersonality/ENV/lib/python3.12/site-packages (from torch) (2024.12.0+computecanada)
Requirement already satisfied: setuptools in /project/6078835/gn533549/LLMPersonality/ENV/lib/python3.12/site-packages (from torch) (78.1.0+computecanada)
Requirement already satisfied: sympy==1.13.1 in /project/6078835/gn533549/LLMPersonality/ENV/lib/python3.12/site-packages (from torch) (1.13.1+computecanada)
Requirement already satisfied: mpmath<1.4,>=1.1.0 in /project/6078835/gn533549/LLMPersonality/ENV/lib/python3.12/site-packages (from sympy==1.13.1->torch) (1.3.0+computecanada)
Requirement already satisfied: MarkupSafe>=2.0 in /project/6078835/gn533549/LLMPersonality/ENV/lib/python3.12/site-packages (from jinja2->torch) (2.1.5+computecanada)
{'loss': 0.0, 'grad_norm': 0.0, 'learning_rate': 9.777777777777779e-06, 'epoch': 0.02}
{'loss': 0.0, 'grad_norm': 0.0, 'learning_rate': 9.530864197530865e-06, 'epoch': 0.05}
{'loss': 0.0, 'grad_norm': 0.0, 'learning_rate': 9.28395061728395e-06, 'epoch': 0.07}
{'loss': 0.0, 'grad_norm': 0.0, 'learning_rate': 9.037037037037037e-06, 'epoch': 0.1}
{'loss': 0.0, 'grad_norm': 0.0, 'learning_rate': 8.790123456790124e-06, 'epoch': 0.12}
{'loss': 0.0, 'grad_norm': 0.0, 'learning_rate': 8.54320987654321e-06, 'epoch': 0.15}
{'loss': 0.0, 'grad_norm': 0.0, 'learning_rate': 8.296296296296297e-06, 'epoch': 0.17}
{'loss': 0.0, 'grad_norm': 0.0, 'learning_rate': 8.049382716049384e-06, 'epoch': 0.2}
{'loss': 0.0, 'grad_norm': 0.0, 'learning_rate': 7.80246913580247e-06, 'epoch': 0.22}
{'loss': 0.0, 'grad_norm': 0.0, 'learning_rate': 7.555555555555556e-06, 'epoch': 0.25}
{'loss': 0.0, 'grad_norm': 0.0, 'learning_rate': 7.308641975308642e-06, 'epoch': 0.27}
{'loss': 0.0, 'grad_norm': 0.0, 'learning_rate': 7.061728395061729e-06, 'epoch': 0.3}
{'loss': 0.0, 'grad_norm': 0.0, 'learning_rate': 6.814814814814815e-06, 'epoch': 0.32}
{'loss': 0.0, 'grad_norm': 0.0, 'learning_rate': 6.567901234567902e-06, 'epoch': 0.35}
{'loss': 0.0, 'grad_norm': 0.0, 'learning_rate': 6.320987654320988e-06, 'epoch': 0.37}
{'loss': 0.0, 'grad_norm': 0.0, 'learning_rate': 6.0740740740740745e-06, 'epoch': 0.4}
{'loss': 0.0, 'grad_norm': 0.0, 'learning_rate': 5.827160493827161e-06, 'epoch': 0.42}
{'loss': 0.0, 'grad_norm': 0.0, 'learning_rate': 5.580246913580247e-06, 'epoch': 0.44}
{'loss': 0.0, 'grad_norm': 0.0, 'learning_rate': 5.333333333333334e-06, 'epoch': 0.47}
{'loss': 0.0, 'grad_norm': 0.0, 'learning_rate': 5.08641975308642e-06, 'epoch': 0.49}
{'loss': 0.0, 'grad_norm': 0.0, 'learning_rate': 4.839506172839506e-06, 'epoch': 0.52}
{'loss': 0.0, 'grad_norm': 0.0, 'learning_rate': 4.592592592592593e-06, 'epoch': 0.54}
{'loss': 0.0, 'grad_norm': 0.0, 'learning_rate': 4.3456790123456795e-06, 'epoch': 0.57}
{'loss': 0.0, 'grad_norm': 0.0, 'learning_rate': 4.098765432098766e-06, 'epoch': 0.59}
{'loss': 0.0, 'grad_norm': 0.0, 'learning_rate': 3.851851851851852e-06, 'epoch': 0.62}
{'loss': 0.0, 'grad_norm': 0.0, 'learning_rate': 3.6049382716049387e-06, 'epoch': 0.64}
{'loss': 0.0, 'grad_norm': 0.0, 'learning_rate': 3.358024691358025e-06, 'epoch': 0.67}
{'loss': 0.0, 'grad_norm': 0.0, 'learning_rate': 3.1111111111111116e-06, 'epoch': 0.69}
{'loss': 0.0, 'grad_norm': 0.0, 'learning_rate': 2.864197530864198e-06, 'epoch': 0.72}
{'loss': 0.0, 'grad_norm': 0.0, 'learning_rate': 2.617283950617284e-06, 'epoch': 0.74}
{'loss': 0.0, 'grad_norm': 0.0, 'learning_rate': 2.3703703703703707e-06, 'epoch': 0.77}
{'loss': 0.0, 'grad_norm': 0.0, 'learning_rate': 2.123456790123457e-06, 'epoch': 0.79}
{'loss': 0.0, 'grad_norm': 0.0, 'learning_rate': 1.8765432098765435e-06, 'epoch': 0.81}
{'loss': 0.0, 'grad_norm': 0.0, 'learning_rate': 1.62962962962963e-06, 'epoch': 0.84}
{'loss': 0.0, 'grad_norm': 0.0, 'learning_rate': 1.382716049382716e-06, 'epoch': 0.86}
{'loss': 0.0, 'grad_norm': 0.0, 'learning_rate': 1.1358024691358026e-06, 'epoch': 0.89}
{'loss': 0.0, 'grad_norm': 0.0, 'learning_rate': 8.88888888888889e-07, 'epoch': 0.91}
{'loss': 0.0, 'grad_norm': 0.0, 'learning_rate': 6.419753086419754e-07, 'epoch': 0.94}
{'loss': 0.0, 'grad_norm': 0.0, 'learning_rate': 3.9506172839506174e-07, 'epoch': 0.96}
{'loss': 0.0, 'grad_norm': 0.0, 'learning_rate': 1.4814814814814817e-07, 'epoch': 0.99}
{'train_runtime': 2395.4894, 'train_samples_per_second': 2.703, 'train_steps_per_second': 0.169, 'train_loss': 0.0, 'epoch': 1.0}
