Looking in links: /cvmfs/soft.computecanada.ca/custom/python/wheelhouse/gentoo2023/x86-64-v3, /cvmfs/soft.computecanada.ca/custom/python/wheelhouse/gentoo2023/generic, /cvmfs/soft.computecanada.ca/custom/python/wheelhouse/generic
Requirement already satisfied: pyarrow in /cvmfs/soft.computecanada.ca/easybuild/software/2023/x86-64-v3/Compiler/gcccore/arrow/19.0.1/lib/python3.12/site-packages (19.0.1)
Looking in links: /cvmfs/soft.computecanada.ca/custom/python/wheelhouse/gentoo2023/x86-64-v3, /cvmfs/soft.computecanada.ca/custom/python/wheelhouse/gentoo2023/generic, /cvmfs/soft.computecanada.ca/custom/python/wheelhouse/generic
Requirement already satisfied: torch in /project/6078835/gn533549/LLMPersonality/ENV/lib/python3.12/site-packages (2.6.0+computecanada)
Requirement already satisfied: filelock in /project/6078835/gn533549/LLMPersonality/ENV/lib/python3.12/site-packages (from torch) (3.18.0+computecanada)
Requirement already satisfied: typing-extensions>=4.10.0 in /project/6078835/gn533549/LLMPersonality/ENV/lib/python3.12/site-packages (from torch) (4.13.0)
Requirement already satisfied: networkx in /project/6078835/gn533549/LLMPersonality/ENV/lib/python3.12/site-packages (from torch) (3.4.2+computecanada)
Requirement already satisfied: jinja2 in /project/6078835/gn533549/LLMPersonality/ENV/lib/python3.12/site-packages (from torch) (3.1.6+computecanada)
Requirement already satisfied: fsspec in /project/6078835/gn533549/LLMPersonality/ENV/lib/python3.12/site-packages (from torch) (2024.12.0+computecanada)
Requirement already satisfied: setuptools in /project/6078835/gn533549/LLMPersonality/ENV/lib/python3.12/site-packages (from torch) (78.1.0+computecanada)
Requirement already satisfied: sympy==1.13.1 in /project/6078835/gn533549/LLMPersonality/ENV/lib/python3.12/site-packages (from torch) (1.13.1+computecanada)
Requirement already satisfied: mpmath<1.4,>=1.1.0 in /project/6078835/gn533549/LLMPersonality/ENV/lib/python3.12/site-packages (from sympy==1.13.1->torch) (1.3.0+computecanada)
Requirement already satisfied: MarkupSafe>=2.0 in /project/6078835/gn533549/LLMPersonality/ENV/lib/python3.12/site-packages (from jinja2->torch) (2.1.5+computecanada)
{'loss': 0.0, 'grad_norm': 0.0, 'learning_rate': 9.645669291338583e-06, 'epoch': 0.04}
{'loss': 0.0, 'grad_norm': 0.0, 'learning_rate': 9.251968503937008e-06, 'epoch': 0.08}
{'loss': 0.0, 'grad_norm': 0.0, 'learning_rate': 8.858267716535434e-06, 'epoch': 0.12}
{'loss': 0.0, 'grad_norm': 0.0, 'learning_rate': 8.46456692913386e-06, 'epoch': 0.16}
{'loss': 0.0, 'grad_norm': 0.0, 'learning_rate': 8.070866141732285e-06, 'epoch': 0.2}
{'loss': 0.0, 'grad_norm': 0.0, 'learning_rate': 7.677165354330708e-06, 'epoch': 0.24}
{'loss': 0.0, 'grad_norm': 0.0, 'learning_rate': 7.283464566929135e-06, 'epoch': 0.28}
{'loss': 0.0, 'grad_norm': 0.0, 'learning_rate': 6.88976377952756e-06, 'epoch': 0.31}
{'loss': 0.0, 'grad_norm': 0.0, 'learning_rate': 6.496062992125984e-06, 'epoch': 0.35}
{'loss': 0.0, 'grad_norm': 0.0, 'learning_rate': 6.1023622047244104e-06, 'epoch': 0.39}
{'loss': 0.0, 'grad_norm': 0.0, 'learning_rate': 5.708661417322835e-06, 'epoch': 0.43}
{'loss': 0.0, 'grad_norm': 0.0, 'learning_rate': 5.314960629921261e-06, 'epoch': 0.47}
{'loss': 0.0, 'grad_norm': 0.0, 'learning_rate': 4.921259842519686e-06, 'epoch': 0.51}
{'loss': 0.0, 'grad_norm': 0.0, 'learning_rate': 4.52755905511811e-06, 'epoch': 0.55}
{'loss': 0.0, 'grad_norm': 0.0, 'learning_rate': 4.1338582677165355e-06, 'epoch': 0.59}
{'loss': 0.0, 'grad_norm': 0.0, 'learning_rate': 3.740157480314961e-06, 'epoch': 0.63}
{'loss': 0.0, 'grad_norm': 0.0, 'learning_rate': 3.346456692913386e-06, 'epoch': 0.67}
{'loss': 0.0, 'grad_norm': 0.0, 'learning_rate': 2.952755905511811e-06, 'epoch': 0.71}
{'loss': 0.0, 'grad_norm': 0.0, 'learning_rate': 2.5590551181102365e-06, 'epoch': 0.75}
{'loss': 0.0, 'grad_norm': 0.0, 'learning_rate': 2.165354330708662e-06, 'epoch': 0.79}
{'loss': 0.0, 'grad_norm': 0.0, 'learning_rate': 1.7716535433070868e-06, 'epoch': 0.83}
{'loss': 0.0, 'grad_norm': 0.0, 'learning_rate': 1.377952755905512e-06, 'epoch': 0.86}
{'loss': 0.0, 'grad_norm': 0.0, 'learning_rate': 9.84251968503937e-07, 'epoch': 0.9}
{'loss': 0.0, 'grad_norm': 0.0, 'learning_rate': 5.905511811023623e-07, 'epoch': 0.94}
{'loss': 0.0, 'grad_norm': 0.0, 'learning_rate': 1.968503937007874e-07, 'epoch': 0.98}
{'train_runtime': 1529.6502, 'train_samples_per_second': 2.662, 'train_steps_per_second': 0.166, 'train_loss': 0.0, 'epoch': 1.0}
