Looking in links: /cvmfs/soft.computecanada.ca/custom/python/wheelhouse/gentoo2023/x86-64-v3, /cvmfs/soft.computecanada.ca/custom/python/wheelhouse/gentoo2023/generic, /cvmfs/soft.computecanada.ca/custom/python/wheelhouse/generic
Requirement already satisfied: pyarrow in /cvmfs/soft.computecanada.ca/easybuild/software/2023/x86-64-v3/Compiler/gcccore/arrow/19.0.1/lib/python3.12/site-packages (19.0.1)
Looking in links: /cvmfs/soft.computecanada.ca/custom/python/wheelhouse/gentoo2023/x86-64-v3, /cvmfs/soft.computecanada.ca/custom/python/wheelhouse/gentoo2023/generic, /cvmfs/soft.computecanada.ca/custom/python/wheelhouse/generic
Requirement already satisfied: torch in /project/6078835/gn533549/LLMPersonality/ENV/lib/python3.12/site-packages (2.6.0+computecanada)
Requirement already satisfied: filelock in /project/6078835/gn533549/LLMPersonality/ENV/lib/python3.12/site-packages (from torch) (3.18.0+computecanada)
Requirement already satisfied: typing-extensions>=4.10.0 in /project/6078835/gn533549/LLMPersonality/ENV/lib/python3.12/site-packages (from torch) (4.13.0)
Requirement already satisfied: networkx in /project/6078835/gn533549/LLMPersonality/ENV/lib/python3.12/site-packages (from torch) (3.4.2+computecanada)
Requirement already satisfied: jinja2 in /project/6078835/gn533549/LLMPersonality/ENV/lib/python3.12/site-packages (from torch) (3.1.6+computecanada)
Requirement already satisfied: fsspec in /project/6078835/gn533549/LLMPersonality/ENV/lib/python3.12/site-packages (from torch) (2024.12.0+computecanada)
Requirement already satisfied: setuptools in /project/6078835/gn533549/LLMPersonality/ENV/lib/python3.12/site-packages (from torch) (78.1.0+computecanada)
Requirement already satisfied: sympy==1.13.1 in /project/6078835/gn533549/LLMPersonality/ENV/lib/python3.12/site-packages (from torch) (1.13.1+computecanada)
Requirement already satisfied: mpmath<1.4,>=1.1.0 in /project/6078835/gn533549/LLMPersonality/ENV/lib/python3.12/site-packages (from sympy==1.13.1->torch) (1.3.0+computecanada)
Requirement already satisfied: MarkupSafe>=2.0 in /project/6078835/gn533549/LLMPersonality/ENV/lib/python3.12/site-packages (from jinja2->torch) (2.1.5+computecanada)
===== Evaluating Base Model (No Fine-tuning) =====
Processing dimension: neuroticism
Raw answer: 3
Answer :3
Raw answer: 1
Answer :1
Raw answer: 3
Answer :3
Raw answer: 3
Answer :3
Raw answer: 3
Answer :3
Raw answer: 3
Answer :3
Raw answer: 3
Answer :3
Raw answer: 5
Answer :5
Raw answer: 3
Answer :3
Raw answer: 3
Answer :3
Raw answer: 3
Answer :3
Raw answer: 4
Answer :4
Raw answer: 3
Answer :3
Raw answer: 3
Answer :3
Raw answer: 3
Answer :3
Raw answer: 4
Answer :4
Raw answer: 3
Answer :3
Raw answer: 3
Answer :3
Raw answer: 3
Answer :3
Raw answer: 3
Answer :3
Raw answer: 3
Answer :3
Raw answer: 3
Answer :3
Raw answer: 3
Answer :3
Raw answer: 4
Answer :4
[3, 1, 3, 3, 3, 3, 3, 5, 3, 3, 3, 4, 3, 3, 3, 4, 3, 3, 3, 3, 3, 3, 3, 4]
0.5416666666666667
Round 1 - neuroticism metric: 0.5416666666666667
Raw answer: 3
Answer :3
Raw answer: 3
Answer :3
Raw answer: 3
Answer :3
Raw answer: 3
Answer :3
Raw answer: 3
Answer :3
Raw answer: 3
Answer :3
Raw answer: 3
Answer :3
Raw answer: 5
Answer :5
Raw answer: 3
Answer :3
Raw answer: 3
Answer :3
Raw answer: 3
Answer :3
Raw answer: 4
Answer :4
Raw answer: 3
Answer :3
Raw answer: 3
Answer :3
Raw answer: 3
Answer :3
Raw answer: 4
Answer :4
Raw answer: 3
Answer :3
Raw answer: 3
Answer :3
Raw answer: 3
Answer :3
Raw answer: 3
Answer :3
Raw answer: 3
Answer :3
Raw answer: 3
Answer :3
Raw answer: 3
Answer :3
Raw answer: 5
Answer :5
[3, 3, 3, 3, 3, 3, 3, 5, 3, 3, 3, 4, 3, 3, 3, 4, 3, 3, 3, 3, 3, 3, 3, 5]
0.55
Round 2 - neuroticism metric: 0.55
Raw answer: 3
Answer :3
Raw answer: 3
Answer :3
Raw answer: 3
Answer :3
Raw answer: 3
Answer :3
Raw answer: 3
Answer :3
Raw answer: 3
Answer :3
Raw answer: 3
Answer :3
Raw answer: 5
Answer :5
Raw answer: 3
Answer :3
Raw answer: 3
Answer :3
Raw answer: 3
Answer :3
Raw answer: 4
Answer :4
Raw answer: 3
Answer :3
Raw answer: 3
Answer :3
Raw answer: 3
Answer :3
Raw answer: 4
Answer :4
Raw answer: 3
Answer :3
Raw answer: 3
Answer :3
Raw answer: 3
Answer :3
Raw answer: 4
Answer :4
Raw answer: 3
Answer :3
Raw answer: 3
Answer :3
Raw answer: 3
Answer :3
Raw answer: 4
Answer :4
[3, 3, 3, 3, 3, 3, 3, 5, 3, 3, 3, 4, 3, 3, 3, 4, 3, 3, 3, 4, 3, 3, 3, 4]
0.55
Round 3 - neuroticism metric: 0.55
Raw answer: 3
Answer :3
Raw answer: 1
Answer :1
Raw answer: 3
Answer :3
Raw answer: 3
Answer :3
Raw answer: 3
Answer :3
Raw answer: 3
Answer :3
Raw answer: 3
Answer :3
Raw answer: 5
Answer :5
Raw answer: 3
Answer :3
Raw answer: 3
Answer :3
Raw answer: 3
Answer :3
Raw answer: 4
Answer :4
Raw answer: 3
Answer :3
Raw answer: 3
Answer :3
Raw answer: 3
Answer :3
Raw answer: 4
Answer :4
Raw answer: 3
Answer :3
Raw answer: 3
Answer :3
Raw answer: 3
Answer :3
Raw answer: 4
Answer :4
Raw answer: 3
Answer :3
Raw answer: 3
Answer :3
Raw answer: 3
Answer :3
Raw answer: 5
Answer :5
[3, 1, 3, 3, 3, 3, 3, 5, 3, 3, 3, 4, 3, 3, 3, 4, 3, 3, 3, 4, 3, 3, 3, 5]
0.525
Round 4 - neuroticism metric: 0.525
Raw answer: 3
Answer :3
Raw answer: 1
Answer :1
Raw answer: 3
Answer :3
Raw answer: 3
Answer :3
Raw answer: 3
Answer :3
Raw answer: 3
Answer :3
Raw answer: 3
Answer :3
Raw answer: 5
Answer :5
Raw answer: 3
Answer :3
Raw answer: 3
Answer :3
Raw answer: 3
Answer :3
Raw answer: 4
Answer :4
Raw answer: 3
Answer :3
Raw answer: 3
Answer :3
Raw answer: 3
Answer :3
Raw answer: 5
Answer :5
Raw answer: 3
Answer :3
Raw answer: 3
Answer :3
Raw answer: 3
Answer :3
Raw answer: 4
Answer :4
Raw answer: 3
Answer :3
Raw answer: 3
Answer :3
Raw answer: 3
Answer :3
Raw answer: 5
Answer :5
[3, 1, 3, 3, 3, 3, 3, 5, 3, 3, 3, 4, 3, 3, 3, 5, 3, 3, 3, 4, 3, 3, 3, 5]
0.5166666666666667
Round 5 - neuroticism metric: 0.5166666666666667
Raw answer: 3
Answer :3
Raw answer: 1
Answer :1
Raw answer: 3
Answer :3
Raw answer: 3
Answer :3
Raw answer: 3
Answer :3
Raw answer: 3
Answer :3
Raw answer: 3
Answer :3
Raw answer: 5
Answer :5
Raw answer: 3
Answer :3
Raw answer: 3
Answer :3
Raw answer: 3
Answer :3
Raw answer: 4
Answer :4
Raw answer: 3
Answer :3
Raw answer: 3
Answer :3
Raw answer: 3
Answer :3
Raw answer: 5
Answer :5
Raw answer: 3
Answer :3
Raw answer: 4
Answer :4
Raw answer: 3
Answer :3
Raw answer: 3
Answer :3
Raw answer: 3
Answer :3
Raw answer: 3
Answer :3
Raw answer: 3
Answer :3
Raw answer: 4
Answer :4
[3, 1, 3, 3, 3, 3, 3, 5, 3, 3, 3, 4, 3, 3, 3, 5, 3, 4, 3, 3, 3, 3, 3, 4]
0.525
Round 6 - neuroticism metric: 0.525
Raw answer: 3
Answer :3
Raw answer: 1
Answer :1
Raw answer: 3
Answer :3
Raw answer: 3
Answer :3
Raw answer: 3
Answer :3
Raw answer: 3
Answer :3
Raw answer: 3
Answer :3
Raw answer: 5
Answer :5
Raw answer: 3
Answer :3
Raw answer: 3
Answer :3
Raw answer: 3
Answer :3
Raw answer: 4
Answer :4
Raw answer: 3
Answer :3
Raw answer: 3
Answer :3
Raw answer: 3
Answer :3
Raw answer: 4
Answer :4
Raw answer: 3
Answer :3
Raw answer: 4
Answer :4
Raw answer: 3
Answer :3
Raw answer: 3
Answer :3
Raw answer: 3
Answer :3
Raw answer: 3
Answer :3
Raw answer: 3
Answer :3
Raw answer: 5
Answer :5
[3, 1, 3, 3, 3, 3, 3, 5, 3, 3, 3, 4, 3, 3, 3, 4, 3, 4, 3, 3, 3, 3, 3, 5]
0.525
Round 7 - neuroticism metric: 0.525
Raw answer: 3
Answer :3
Raw answer: 1
Answer :1
Raw answer: 3
Answer :3
Raw answer: 3
Answer :3
Raw answer: 3
Answer :3
Raw answer: 3
Answer :3
Raw answer: 3
Answer :3
Raw answer: 5
Answer :5
Raw answer: 3
Answer :3
Raw answer: 3
Answer :3
Raw answer: 3
Answer :3
Raw answer: 4
Answer :4
Raw answer: 3
Answer :3
Raw answer: 3
Answer :3
Raw answer: 3
Answer :3
Raw answer: 4
Answer :4
Raw answer: 3
Answer :3
Raw answer: 4
Answer :4
Raw answer: 3
Answer :3
Raw answer: 4
Answer :4
Raw answer: 3
Answer :3
Raw answer: 3
Answer :3
Raw answer: 3
Answer :3
Raw answer: 4
Answer :4
[3, 1, 3, 3, 3, 3, 3, 5, 3, 3, 3, 4, 3, 3, 3, 4, 3, 4, 3, 4, 3, 3, 3, 4]
0.525
Round 8 - neuroticism metric: 0.525
Raw answer: 3
Answer :3
Raw answer: 1
Answer :1
Raw answer: 3
Answer :3
Raw answer: 3
Answer :3
Raw answer: 3
Answer :3
Raw answer: 3
Answer :3
Raw answer: 3
Answer :3
Raw answer: 5
Answer :5
Raw answer: 3
Answer :3
Raw answer: 3
Answer :3
Raw answer: 3
Answer :3
Raw answer: 4
Answer :4
Raw answer: 3
Answer :3
Raw answer: 3
Answer :3
Raw answer: 3
Answer :3
Raw answer: 4
Answer :4
Raw answer: 3
Answer :3
Raw answer: 3
Answer :3
Raw answer: 3
Answer :3
Raw answer: 3
Answer :3
Raw answer: 3
Answer :3
Raw answer: 3
Answer :3
Raw answer: 3
Answer :3
Raw answer: 4
Answer :4
[3, 1, 3, 3, 3, 3, 3, 5, 3, 3, 3, 4, 3, 3, 3, 4, 3, 3, 3, 3, 3, 3, 3, 4]
0.5416666666666667
Round 9 - neuroticism metric: 0.5416666666666667
Raw answer: 3
Answer :3
Raw answer: 1
Answer :1
Raw answer: 3
Answer :3
Raw answer: 3
Answer :3
Raw answer: 3
Answer :3
Raw answer: 3
Answer :3
Raw answer: 3
Answer :3
Raw answer: 5
Answer :5
Raw answer: 3
Answer :3
Raw answer: 3
Answer :3
Raw answer: 3
Answer :3
Raw answer: 4
Answer :4
Raw answer: 3
Answer :3
Raw answer: 3
Answer :3
Raw answer: 3
Answer :3
Raw answer: 4
Answer :4
Raw answer: 3
Answer :3
Raw answer: 4
Answer :4
Raw answer: 3
Answer :3
Raw answer: 3
Answer :3
Raw answer: 3
Answer :3
Raw answer: 3
Answer :3
Raw answer: 3
Answer :3
Raw answer: 5
Answer :5
[3, 1, 3, 3, 3, 3, 3, 5, 3, 3, 3, 4, 3, 3, 3, 4, 3, 4, 3, 3, 3, 3, 3, 5]
0.525
Round 10 - neuroticism metric: 0.525
Raw answer: 3
Answer :3
Raw answer: 1
Answer :1
Raw answer: 3
Answer :3
Raw answer: 3
Answer :3
Raw answer: 3
Answer :3
Raw answer: 3
Answer :3
Raw answer: 3
Answer :3
Raw answer: 5
Answer :5
Raw answer: 3
Answer :3
Raw answer: 3
Answer :3
Raw answer: 3
Answer :3
Raw answer: 4
Answer :4
Raw answer: 3
Answer :3
Raw answer: 3
Answer :3
Raw answer: 3
Answer :3
Raw answer: 5
Answer :5
Raw answer: 3
Answer :3
Raw answer: 4
Answer :4
Raw answer: 3
Answer :3
Raw answer: 4
Answer :4
Raw answer: 3
Answer :3
Raw answer: 3
Answer :3
Raw answer: 3
Answer :3
Raw answer: 5
Answer :5
[3, 1, 3, 3, 3, 3, 3, 5, 3, 3, 3, 4, 3, 3, 3, 5, 3, 4, 3, 4, 3, 3, 3, 5]
0.5083333333333333
Round 11 - neuroticism metric: 0.5083333333333333
Raw answer: 3
Answer :3
Raw answer: 1
Answer :1
Raw answer: 3
Answer :3
Raw answer: 3
Answer :3
Raw answer: 3
Answer :3
Raw answer: 3
Answer :3
Raw answer: 3
Answer :3
Raw answer: 5
Answer :5
Raw answer: 3
Answer :3
Raw answer: 3
Answer :3
Raw answer: 3
Answer :3
Raw answer: 4
Answer :4
Raw answer: 3
Answer :3
Raw answer: 3
Answer :3
Raw answer: 3
Answer :3
Raw answer: 4
Answer :4
Raw answer: 3
Answer :3
Raw answer: 4
Answer :4
Raw answer: 3
Answer :3
Raw answer: 3
Answer :3
Raw answer: 3
Answer :3
Raw answer: 3
Answer :3
Raw answer: 3
Answer :3
Raw answer: 4
Answer :4
[3, 1, 3, 3, 3, 3, 3, 5, 3, 3, 3, 4, 3, 3, 3, 4, 3, 4, 3, 3, 3, 3, 3, 4]
0.5333333333333333
Round 12 - neuroticism metric: 0.5333333333333333
Raw answer: 3
Answer :3
Raw answer: 1
Answer :1
Raw answer: 3
Answer :3
Raw answer: 3
Answer :3
Raw answer: 3
Answer :3
Raw answer: 3
Answer :3
Raw answer: 3
Answer :3
Raw answer: 5
Answer :5
Raw answer: 3
Answer :3
Raw answer: 3
Answer :3
Raw answer: 3
Answer :3
Raw answer: 4
Answer :4
Raw answer: 3
Answer :3
Raw answer: 3
Answer :3
Raw answer: 3
Answer :3
Raw answer: 4
Answer :4
Raw answer: 3
Answer :3
Raw answer: 3
Answer :3
Raw answer: 3
Answer :3
Raw answer: 3
Answer :3
Raw answer: 3
Answer :3
Raw answer: 3
Answer :3
Raw answer: 3
Answer :3
Raw answer: 4
Answer :4
[3, 1, 3, 3, 3, 3, 3, 5, 3, 3, 3, 4, 3, 3, 3, 4, 3, 3, 3, 3, 3, 3, 3, 4]
0.5416666666666667
Round 13 - neuroticism metric: 0.5416666666666667
Raw answer: 3
Answer :3
Raw answer: 1
Answer :1
Raw answer: 3
Answer :3
Raw answer: 3
Answer :3
Raw answer: 3
Answer :3
Raw answer: 3
Answer :3
Raw answer: 3
Answer :3
Raw answer: 5
Answer :5
Raw answer: 3
Answer :3
Raw answer: 3
Answer :3
Raw answer: 3
Answer :3
Raw answer: 4
Answer :4
Raw answer: 3
Answer :3
Raw answer: 3
Answer :3
Raw answer: 3
Answer :3
Raw answer: 5
Answer :5
Raw answer: 3
Answer :3
Raw answer: 3
Answer :3
Raw answer: 3
Answer :3
Raw answer: 3
Answer :3
Raw answer: 3
Answer :3
Raw answer: 3
Answer :3
Raw answer: 3
Answer :3
Raw answer: 5
Answer :5
[3, 1, 3, 3, 3, 3, 3, 5, 3, 3, 3, 4, 3, 3, 3, 5, 3, 3, 3, 3, 3, 3, 3, 5]
0.525
Round 14 - neuroticism metric: 0.525
Raw answer: 3
Answer :3
Raw answer: 1
Answer :1
Raw answer: 3
Answer :3
Raw answer: 3
Answer :3
Raw answer: 3
Answer :3
Raw answer: 3
Answer :3
Raw answer: 3
Answer :3
Raw answer: 5
Answer :5
Raw answer: 3
Answer :3
Raw answer: 3
Answer :3
Raw answer: 3
Answer :3
Raw answer: 4
Answer :4
Raw answer: 3
Answer :3
Raw answer: 3
Answer :3
Raw answer: 3
Answer :3
Raw answer: 4
Answer :4
Raw answer: 3
Answer :3
Raw answer: 3
Answer :3
Raw answer: 3
Answer :3
Raw answer: 4
Answer :4
Raw answer: 3
Answer :3
Raw answer: 3
Answer :3
Raw answer: 3
Answer :3
Raw answer: 4
Answer :4
[3, 1, 3, 3, 3, 3, 3, 5, 3, 3, 3, 4, 3, 3, 3, 4, 3, 3, 3, 4, 3, 3, 3, 4]
0.5333333333333333
Round 15 - neuroticism metric: 0.5333333333333333
Raw answer: 3
Answer :3
Raw answer: 3
Answer :3
Raw answer: 3
Answer :3
Raw answer: 3
Answer :3
Raw answer: 3
Answer :3
Raw answer: 3
Answer :3
Raw answer: 3
Answer :3
Raw answer: 5
Answer :5
Raw answer: 3
Answer :3
Raw answer: 3
Answer :3
Raw answer: 3
Answer :3
Raw answer: 4
Answer :4
Raw answer: 3
Answer :3
Raw answer: 3
Answer :3
Raw answer: 3
Answer :3
Raw answer: 4
Answer :4
Raw answer: 3
Answer :3
Raw answer: 3
Answer :3
Raw answer: 3
Answer :3
Raw answer: 3
Answer :3
Raw answer: 3
Answer :3
Raw answer: 3
Answer :3
Raw answer: 3
Answer :3
Raw answer: 4
Answer :4
[3, 3, 3, 3, 3, 3, 3, 5, 3, 3, 3, 4, 3, 3, 3, 4, 3, 3, 3, 3, 3, 3, 3, 4]
0.5583333333333333
Round 16 - neuroticism metric: 0.5583333333333333
Raw answer: 3
Answer :3
Raw answer: 1
Answer :1
Raw answer: 3
Answer :3
Raw answer: 3
Answer :3
Raw answer: 3
Answer :3
Raw answer: 3
Answer :3
Raw answer: 3
Answer :3
Raw answer: 5
Answer :5
Raw answer: 3
Answer :3
Raw answer: 3
Answer :3
Raw answer: 3
Answer :3
Raw answer: 4
Answer :4
Raw answer: 3
Answer :3
Raw answer: 3
Answer :3
Raw answer: 3
Answer :3
Raw answer: 5
Answer :5
Raw answer: 3
Answer :3
Raw answer: 4
Answer :4
Raw answer: 3
Answer :3
Raw answer: 3
Answer :3
Raw answer: 3
Answer :3
Raw answer: 3
Answer :3
Raw answer: 3
Answer :3
Raw answer: 5
Answer :5
[3, 1, 3, 3, 3, 3, 3, 5, 3, 3, 3, 4, 3, 3, 3, 5, 3, 4, 3, 3, 3, 3, 3, 5]
0.5166666666666667
Round 17 - neuroticism metric: 0.5166666666666667
Raw answer: 3
Answer :3
Raw answer: 1
Answer :1
Raw answer: 3
Answer :3
Raw answer: 3
Answer :3
Raw answer: 3
Answer :3
Raw answer: 3
Answer :3
Raw answer: 3
Answer :3
Raw answer: 5
Answer :5
Raw answer: 3
Answer :3
Raw answer: 3
Answer :3
Raw answer: 3
Answer :3
Raw answer: 4
Answer :4
Raw answer: 3
Answer :3
Raw answer: 3
Answer :3
Raw answer: 3
Answer :3
Raw answer: 4
Answer :4
Raw answer: 3
Answer :3
Raw answer: 4
Answer :4
Raw answer: 3
Answer :3
Raw answer: 3
Answer :3
Raw answer: 3
Answer :3
Raw answer: 3
Answer :3
Raw answer: 3
Answer :3
Raw answer: 4
Answer :4
[3, 1, 3, 3, 3, 3, 3, 5, 3, 3, 3, 4, 3, 3, 3, 4, 3, 4, 3, 3, 3, 3, 3, 4]
0.5333333333333333
Round 18 - neuroticism metric: 0.5333333333333333
Raw answer: 3
Answer :3
Raw answer: 1
Answer :1
Raw answer: 3
Answer :3
Raw answer: 3
Answer :3
Raw answer: 3
Answer :3
Raw answer: 3
Answer :3
Raw answer: 3
Answer :3
Raw answer: 5
Answer :5
Raw answer: 3
Answer :3
Raw answer: 3
Answer :3
Raw answer: 3
Answer :3
Raw answer: 4
Answer :4
Raw answer: 3
Answer :3
Raw answer: 3
Answer :3
Raw answer: 3
Answer :3
Raw answer: 4
Answer :4
Raw answer: 3
Answer :3
Raw answer: 3
Answer :3
Raw answer: 3
Answer :3
Raw answer: 3
Answer :3
Raw answer: 3
Answer :3
Raw answer: 3
Answer :3
Raw answer: 3
Answer :3
Raw answer: 4
Answer :4
[3, 1, 3, 3, 3, 3, 3, 5, 3, 3, 3, 4, 3, 3, 3, 4, 3, 3, 3, 3, 3, 3, 3, 4]
0.5416666666666667
Round 19 - neuroticism metric: 0.5416666666666667
Raw answer: 3
Answer :3
Raw answer: 3
Answer :3
Raw answer: 3
Answer :3
Raw answer: 3
Answer :3
Raw answer: 3
Answer :3
Raw answer: 3
Answer :3
Raw answer: 3
Answer :3
Raw answer: 5
Answer :5
Raw answer: 3
Answer :3
Raw answer: 3
Answer :3
Raw answer: 3
Answer :3
Raw answer: 4
Answer :4
Raw answer: 3
Answer :3
Raw answer: 3
Answer :3
Raw answer: 3
Answer :3
Raw answer: 4
Answer :4
Raw answer: 3
Answer :3
Raw answer: 4
Answer :4
Raw answer: 3
Answer :3
Raw answer: 3
Answer :3
Raw answer: 3
Answer :3
Raw answer: 3
Answer :3
Raw answer: 3
Answer :3
Raw answer: 4
Answer :4
[3, 3, 3, 3, 3, 3, 3, 5, 3, 3, 3, 4, 3, 3, 3, 4, 3, 4, 3, 3, 3, 3, 3, 4]
0.55
Round 20 - neuroticism metric: 0.55
Neuroticism average metric: 0.5333333333333334

Processing dimension: extraversion
Raw answer: 3
Answer :3
Raw answer: 3
Answer :3
Raw answer: 3
Answer :3
Raw answer: 3
Answer :3
Raw answer: 3
Answer :3
Raw answer: 3
Answer :3
Raw answer: 3
Answer :3
Raw answer: 3
Answer :3
Raw answer: 3
Answer :3
Raw answer: 3
Answer :3
Raw answer: 3
Answer :3
Raw answer: 3
Answer :3
Raw answer: 3
Answer :3
Raw answer: 3
Answer :3
Raw answer: 3
Answer :3
Raw answer: 3
Answer :3
Raw answer: 3
Answer :3
Raw answer: 3
Answer :3
Raw answer: 3
Answer :3
Raw answer: 1
Answer :1
Raw answer: 3
Answer :3
Raw answer: 3
Answer :3
Raw answer: 5
Answer :5
Raw answer: 3
Answer :3
[3, 3, 3, 3, 3, 3, 3, 3, 3, 3, 3, 3, 3, 3, 3, 3, 3, 3, 3, 1, 3, 3, 5, 3]
0.6
Round 1 - extraversion metric: 0.6
Raw answer: 3
Answer :3
Raw answer: 3
Answer :3
Raw answer: 3
Answer :3
Raw answer: 3
Answer :3
Raw answer: 3
Answer :3
Raw answer: 3
Answer :3
Raw answer: 3
Answer :3
Raw answer: 3
Answer :3
Raw answer: 3
Answer :3
Raw answer: 3
Answer :3
Raw answer: 3
Answer :3
Raw answer: 3
Answer :3
Raw answer: 3
Answer :3
Raw answer: 4
Answer :4
Raw answer: 4
Answer :4
Raw answer: 3
Answer :3
Raw answer: 3
Answer :3
Raw answer: 3
Answer :3
Raw answer: 3
Answer :3
Raw answer: 1
Answer :1
Raw answer: 3
Answer :3
Raw answer: 5
Answer :5
Raw answer: 5
Answer :5
Raw answer: 3
Answer :3
[3, 3, 3, 3, 3, 3, 3, 3, 3, 3, 3, 3, 3, 4, 4, 3, 3, 3, 3, 1, 3, 5, 5, 3]
0.6333333333333333
Round 2 - extraversion metric: 0.6333333333333333
Raw answer: 3
Answer :3
Raw answer: 4
Answer :4
Raw answer: 3
Answer :3
Raw answer: 3
Answer :3
Raw answer: 3
Answer :3
Raw answer: 3
Answer :3
Raw answer: 3
Answer :3
Raw answer: 3
Answer :3
Raw answer: 3
Answer :3
Raw answer: 3
Answer :3
Raw answer: 3
Answer :3
Raw answer: 3
Answer :3
Raw answer: 3
Answer :3
Raw answer: 3
Answer :3
Raw answer: 4
Answer :4
Raw answer: 3
Answer :3
Raw answer: 3
Answer :3
Raw answer: 3
Answer :3
Raw answer: 3
Answer :3
Raw answer: 1
Answer :1
Raw answer: 3
Answer :3
Raw answer: 3
Answer :3
Raw answer: 5
Answer :5
Raw answer: 3
Answer :3
[3, 4, 3, 3, 3, 3, 3, 3, 3, 3, 3, 3, 3, 3, 4, 3, 3, 3, 3, 1, 3, 3, 5, 3]
0.6166666666666667
Round 3 - extraversion metric: 0.6166666666666667
Raw answer: 3
Answer :3
Raw answer: 4
Answer :4
Raw answer: 3
Answer :3
Raw answer: 3
Answer :3
Raw answer: 4
Answer :4
Raw answer: 3
Answer :3
Raw answer: 3
Answer :3
Raw answer: 3
Answer :3
Raw answer: 3
Answer :3
Raw answer: 3
Answer :3
Raw answer: 3
Answer :3
Raw answer: 3
Answer :3
Raw answer: 3
Answer :3
Raw answer: 4
Answer :4
Raw answer: 4
Answer :4
Raw answer: 3
Answer :3
Raw answer: 3
Answer :3
Raw answer: 3
Answer :3
Raw answer: 3
Answer :3
Raw answer: 1
Answer :1
Raw answer: 3
Answer :3
Raw answer: 3
Answer :3
Raw answer: 3
Answer :3
Raw answer: 3
Answer :3
[3, 4, 3, 3, 4, 3, 3, 3, 3, 3, 3, 3, 3, 4, 4, 3, 3, 3, 3, 1, 3, 3, 3, 3]
0.6166666666666667
Round 4 - extraversion metric: 0.6166666666666667
Raw answer: 3
Answer :3
Raw answer: 3
Answer :3
Raw answer: 3
Answer :3
Raw answer: 3
Answer :3
Raw answer: 4
Answer :4
Raw answer: 3
Answer :3
Raw answer: 3
Answer :3
Raw answer: 3
Answer :3
Raw answer: 3
Answer :3
Raw answer: 3
Answer :3
Raw answer: 3
Answer :3
Raw answer: 3
Answer :3
Raw answer: 3
Answer :3
Raw answer: 3
Answer :3
Raw answer: 4
Answer :4
Raw answer: 3
Answer :3
Raw answer: 3
Answer :3
Raw answer: 3
Answer :3
Raw answer: 3
Answer :3
Raw answer: 1
Answer :1
Raw answer: 3
Answer :3
Raw answer: 3
Answer :3
Raw answer: 5
Answer :5
Raw answer: 3
Answer :3
[3, 3, 3, 3, 4, 3, 3, 3, 3, 3, 3, 3, 3, 3, 4, 3, 3, 3, 3, 1, 3, 3, 5, 3]
0.6166666666666667
Round 5 - extraversion metric: 0.6166666666666667
Raw answer: 3
Answer :3
Raw answer: 3
Answer :3
Raw answer: 3
Answer :3
Raw answer: 3
Answer :3
Raw answer: 3
Answer :3
Raw answer: 3
Answer :3
Raw answer: 3
Answer :3
Raw answer: 3
Answer :3
Raw answer: 3
Answer :3
Raw answer: 3
Answer :3
Raw answer: 3
Answer :3
Raw answer: 3
Answer :3
Raw answer: 3
Answer :3
Raw answer: 4
Answer :4
Raw answer: 4
Answer :4
Raw answer: 3
Answer :3
Raw answer: 3
Answer :3
Raw answer: 3
Answer :3
Raw answer: 3
Answer :3
Raw answer: 1
Answer :1
Raw answer: 3
Answer :3
Raw answer: 5
Answer :5
Raw answer: 5
Answer :5
Raw answer: 3
Answer :3
[3, 3, 3, 3, 3, 3, 3, 3, 3, 3, 3, 3, 3, 4, 4, 3, 3, 3, 3, 1, 3, 5, 5, 3]
0.6333333333333333
Round 6 - extraversion metric: 0.6333333333333333
Raw answer: 3
Answer :3
Raw answer: 3
Answer :3
Raw answer: 3
Answer :3
Raw answer: 3
Answer :3
Raw answer: 4
Answer :4
Raw answer: 3
Answer :3
Raw answer: 3
Answer :3
Raw answer: 3
Answer :3
Raw answer: 3
Answer :3
Raw answer: 3
Answer :3
Raw answer: 3
Answer :3
Raw answer: 3
Answer :3
Raw answer: 3
Answer :3
Raw answer: 4
Answer :4
Raw answer: 4
Answer :4
Raw answer: 3
Answer :3
Raw answer: 3
Answer :3
Raw answer: 3
Answer :3
Raw answer: 3
Answer :3
Raw answer: 1
Answer :1
Raw answer: 3
Answer :3
Raw answer: 5
Answer :5
Raw answer: 4
Answer :4
Raw answer: 3
Answer :3
[3, 3, 3, 3, 4, 3, 3, 3, 3, 3, 3, 3, 3, 4, 4, 3, 3, 3, 3, 1, 3, 5, 4, 3]
0.6333333333333333
Round 7 - extraversion metric: 0.6333333333333333
Raw answer: 3
Answer :3
Raw answer: 3
Answer :3
Raw answer: 3
Answer :3
Raw answer: 3
Answer :3
Raw answer: 3
Answer :3
Raw answer: 3
Answer :3
Raw answer: 3
Answer :3
Raw answer: 3
Answer :3
Raw answer: 3
Answer :3
Raw answer: 3
Answer :3
Raw answer: 3
Answer :3
Raw answer: 3
Answer :3
Raw answer: 3
Answer :3
Raw answer: 3
Answer :3
Raw answer: 4
Answer :4
Raw answer: 3
Answer :3
Raw answer: 3
Answer :3
Raw answer: 3
Answer :3
Raw answer: 3
Answer :3
Raw answer: 1
Answer :1
Raw answer: 3
Answer :3
Raw answer: 3
Answer :3
Raw answer: 4
Answer :4
Raw answer: 3
Answer :3
[3, 3, 3, 3, 3, 3, 3, 3, 3, 3, 3, 3, 3, 3, 4, 3, 3, 3, 3, 1, 3, 3, 4, 3]
0.6
Round 8 - extraversion metric: 0.6
Raw answer: 3
Answer :3
Raw answer: 4
Answer :4
Raw answer: 3
Answer :3
Raw answer: 3
Answer :3
Raw answer: 3
Answer :3
Raw answer: 3
Answer :3
Raw answer: 3
Answer :3
Raw answer: 3
Answer :3
Raw answer: 3
Answer :3
Raw answer: 3
Answer :3
Raw answer: 3
Answer :3
Raw answer: 3
Answer :3
Raw answer: 3
Answer :3
Raw answer: 3
Answer :3
Raw answer: 3
Answer :3
Raw answer: 3
Answer :3
Raw answer: 3
Answer :3
Raw answer: 3
Answer :3
Raw answer: 3
Answer :3
Raw answer: 1
Answer :1
Raw answer: 3
Answer :3
Raw answer: 5
Answer :5
Raw answer: 5
Answer :5
Raw answer: 3
Answer :3
[3, 4, 3, 3, 3, 3, 3, 3, 3, 3, 3, 3, 3, 3, 3, 3, 3, 3, 3, 1, 3, 5, 5, 3]
0.625
Round 9 - extraversion metric: 0.625
Raw answer: 3
Answer :3
Raw answer: 3
Answer :3
Raw answer: 3
Answer :3
Raw answer: 3
Answer :3
Raw answer: 3
Answer :3
Raw answer: 3
Answer :3
Raw answer: 3
Answer :3
Raw answer: 3
Answer :3
Raw answer: 3
Answer :3
Raw answer: 3
Answer :3
Raw answer: 3
Answer :3
Raw answer: 3
Answer :3
Raw answer: 3
Answer :3
Raw answer: 4
Answer :4
Raw answer: 3
Answer :3
Raw answer: 3
Answer :3
Raw answer: 3
Answer :3
Raw answer: 3
Answer :3
Raw answer: 3
Answer :3
Raw answer: 1
Answer :1
Raw answer: 3
Answer :3
Raw answer: 3
Answer :3
Raw answer: 3
Answer :3
Raw answer: 3
Answer :3
[3, 3, 3, 3, 3, 3, 3, 3, 3, 3, 3, 3, 3, 4, 3, 3, 3, 3, 3, 1, 3, 3, 3, 3]
0.5916666666666667
Round 10 - extraversion metric: 0.5916666666666667
Raw answer: 3
Answer :3
Raw answer: 4
Answer :4
Raw answer: 3
Answer :3
Raw answer: 3
Answer :3
Raw answer: 3
Answer :3
Raw answer: 3
Answer :3
Raw answer: 3
Answer :3
Raw answer: 3
Answer :3
Raw answer: 3
Answer :3
Raw answer: 3
Answer :3
Raw answer: 3
Answer :3
Raw answer: 3
Answer :3
Raw answer: 3
Answer :3
Raw answer: 4
Answer :4
Raw answer: 3
Answer :3
Raw answer: 3
Answer :3
Raw answer: 3
Answer :3
Raw answer: 3
Answer :3
Raw answer: 3
Answer :3
Raw answer: 1
Answer :1
Raw answer: 3
Answer :3
Raw answer: 3
Answer :3
Raw answer: 4
Answer :4
Raw answer: 3
Answer :3
[3, 4, 3, 3, 3, 3, 3, 3, 3, 3, 3, 3, 3, 4, 3, 3, 3, 3, 3, 1, 3, 3, 4, 3]
0.6083333333333333
Round 11 - extraversion metric: 0.6083333333333333
Raw answer: 3
Answer :3
Raw answer: 3
Answer :3
Raw answer: 3
Answer :3
Raw answer: 3
Answer :3
Raw answer: 4
Answer :4
Raw answer: 3
Answer :3
Raw answer: 3
Answer :3
Raw answer: 3
Answer :3
Raw answer: 3
Answer :3
Raw answer: 3
Answer :3
Raw answer: 3
Answer :3
Raw answer: 3
Answer :3
Raw answer: 3
Answer :3
Raw answer: 4
Answer :4
Raw answer: 4
Answer :4
Raw answer: 3
Answer :3
Raw answer: 3
Answer :3
Raw answer: 3
Answer :3
Raw answer: 3
Answer :3
Raw answer: 1
Answer :1
Raw answer: 3
Answer :3
Raw answer: 5
Answer :5
Raw answer: 5
Answer :5
Raw answer: 3
Answer :3
[3, 3, 3, 3, 4, 3, 3, 3, 3, 3, 3, 3, 3, 4, 4, 3, 3, 3, 3, 1, 3, 5, 5, 3]
0.6416666666666667
Round 12 - extraversion metric: 0.6416666666666667
Raw answer: 3
Answer :3
Raw answer: 4
Answer :4
Raw answer: 3
Answer :3
Raw answer: 3
Answer :3
Raw answer: 4
Answer :4
Raw answer: 3
Answer :3
Raw answer: 3
Answer :3
Raw answer: 3
Answer :3
Raw answer: 3
Answer :3
Raw answer: 3
Answer :3
Raw answer: 3
Answer :3
Raw answer: 3
Answer :3
Raw answer: 3
Answer :3
Raw answer: 3
Answer :3
Raw answer: 3
Answer :3
Raw answer: 3
Answer :3
Raw answer: 3
Answer :3
Raw answer: 3
Answer :3
Raw answer: 3
Answer :3
Raw answer: 1
Answer :1
Raw answer: 3
Answer :3
Raw answer: 3
Answer :3
Raw answer: 5
Answer :5
Raw answer: 3
Answer :3
[3, 4, 3, 3, 4, 3, 3, 3, 3, 3, 3, 3, 3, 3, 3, 3, 3, 3, 3, 1, 3, 3, 5, 3]
0.6166666666666667
Round 13 - extraversion metric: 0.6166666666666667
Raw answer: 3
Answer :3
Raw answer: 4
Answer :4
Raw answer: 3
Answer :3
Raw answer: 3
Answer :3
Raw answer: 3
Answer :3
Raw answer: 3
Answer :3
Raw answer: 3
Answer :3
Raw answer: 3
Answer :3
Raw answer: 3
Answer :3
Raw answer: 3
Answer :3
Raw answer: 3
Answer :3
Raw answer: 3
Answer :3
Raw answer: 3
Answer :3
Raw answer: 3
Answer :3
Raw answer: 4
Answer :4
Raw answer: 3
Answer :3
Raw answer: 3
Answer :3
Raw answer: 3
Answer :3
Raw answer: 3
Answer :3
Raw answer: 1
Answer :1
Raw answer: 3
Answer :3
Raw answer: 5
Answer :5
Raw answer: 5
Answer :5
Raw answer: 3
Answer :3
[3, 4, 3, 3, 3, 3, 3, 3, 3, 3, 3, 3, 3, 3, 4, 3, 3, 3, 3, 1, 3, 5, 5, 3]
0.6333333333333333
Round 14 - extraversion metric: 0.6333333333333333
Raw answer: 3
Answer :3
Raw answer: 4
Answer :4
Raw answer: 3
Answer :3
Raw answer: 3
Answer :3
Raw answer: 3
Answer :3
Raw answer: 3
Answer :3
Raw answer: 3
Answer :3
Raw answer: 3
Answer :3
Raw answer: 3
Answer :3
Raw answer: 3
Answer :3
Raw answer: 3
Answer :3
Raw answer: 3
Answer :3
Raw answer: 3
Answer :3
Raw answer: 3
Answer :3
Raw answer: 4
Answer :4
Raw answer: 3
Answer :3
Raw answer: 3
Answer :3
Raw answer: 3
Answer :3
Raw answer: 3
Answer :3
Raw answer: 1
Answer :1
Raw answer: 3
Answer :3
Raw answer: 3
Answer :3
Raw answer: 5
Answer :5
Raw answer: 3
Answer :3
[3, 4, 3, 3, 3, 3, 3, 3, 3, 3, 3, 3, 3, 3, 4, 3, 3, 3, 3, 1, 3, 3, 5, 3]
0.6166666666666667
Round 15 - extraversion metric: 0.6166666666666667
Raw answer: 3
Answer :3
Raw answer: 4
Answer :4
Raw answer: 3
Answer :3
Raw answer: 3
Answer :3
Raw answer: 3
Answer :3
Raw answer: 3
Answer :3
Raw answer: 3
Answer :3
Raw answer: 3
Answer :3
Raw answer: 3
Answer :3
Raw answer: 3
Answer :3
Raw answer: 3
Answer :3
Raw answer: 3
Answer :3
Raw answer: 3
Answer :3
Raw answer: 3
Answer :3
Raw answer: 3
Answer :3
Raw answer: 3
Answer :3
Raw answer: 3
Answer :3
Raw answer: 3
Answer :3
Raw answer: 3
Answer :3
Raw answer: 1
Answer :1
Raw answer: 3
Answer :3
Raw answer: 5
Answer :5
Raw answer: 3
Answer :3
Raw answer: 3
Answer :3
[3, 4, 3, 3, 3, 3, 3, 3, 3, 3, 3, 3, 3, 3, 3, 3, 3, 3, 3, 1, 3, 5, 3, 3]
0.6083333333333333
Round 16 - extraversion metric: 0.6083333333333333
Raw answer: 3
Answer :3
Raw answer: 3
Answer :3
Raw answer: 3
Answer :3
Raw answer: 3
Answer :3
Raw answer: 4
Answer :4
Raw answer: 3
Answer :3
Raw answer: 3
Answer :3
Raw answer: 3
Answer :3
Raw answer: 3
Answer :3
Raw answer: 3
Answer :3
Raw answer: 3
Answer :3
Raw answer: 3
Answer :3
Raw answer: 3
Answer :3
Raw answer: 4
Answer :4
Raw answer: 4
Answer :4
Raw answer: 3
Answer :3
Raw answer: 3
Answer :3
Raw answer: 3
Answer :3
Raw answer: 3
Answer :3
Raw answer: 1
Answer :1
Raw answer: 3
Answer :3
Raw answer: 3
Answer :3
Raw answer: 5
Answer :5
Raw answer: 3
Answer :3
[3, 3, 3, 3, 4, 3, 3, 3, 3, 3, 3, 3, 3, 4, 4, 3, 3, 3, 3, 1, 3, 3, 5, 3]
0.625
Round 17 - extraversion metric: 0.625
Raw answer: 3
Answer :3
Raw answer: 3
Answer :3
Raw answer: 3
Answer :3
Raw answer: 3
Answer :3
Raw answer: 4
Answer :4
Raw answer: 3
Answer :3
Raw answer: 3
Answer :3
Raw answer: 3
Answer :3
Raw answer: 3
Answer :3
Raw answer: 3
Answer :3
Raw answer: 3
Answer :3
Raw answer: 3
Answer :3
Raw answer: 3
Answer :3
Raw answer: 4
Answer :4
Raw answer: 4
Answer :4
Raw answer: 3
Answer :3
Raw answer: 3
Answer :3
Raw answer: 3
Answer :3
Raw answer: 3
Answer :3
Raw answer: 1
Answer :1
Raw answer: 3
Answer :3
Raw answer: 3
Answer :3
Raw answer: 4
Answer :4
Raw answer: 3
Answer :3
[3, 3, 3, 3, 4, 3, 3, 3, 3, 3, 3, 3, 3, 4, 4, 3, 3, 3, 3, 1, 3, 3, 4, 3]
0.6166666666666667
Round 18 - extraversion metric: 0.6166666666666667
Raw answer: 3
Answer :3
Raw answer: 4
Answer :4
Raw answer: 3
Answer :3
Raw answer: 3
Answer :3
Raw answer: 3
Answer :3
Raw answer: 3
Answer :3
Raw answer: 3
Answer :3
Raw answer: 3
Answer :3
Raw answer: 3
Answer :3
Raw answer: 3
Answer :3
Raw answer: 3
Answer :3
Raw answer: 3
Answer :3
Raw answer: 3
Answer :3
Raw answer: 4
Answer :4
Raw answer: 4
Answer :4
Raw answer: 3
Answer :3
Raw answer: 3
Answer :3
Raw answer: 3
Answer :3
Raw answer: 3
Answer :3
Raw answer: 1
Answer :1
Raw answer: 3
Answer :3
Raw answer: 3
Answer :3
Raw answer: 5
Answer :5
Raw answer: 3
Answer :3
[3, 4, 3, 3, 3, 3, 3, 3, 3, 3, 3, 3, 3, 4, 4, 3, 3, 3, 3, 1, 3, 3, 5, 3]
0.625
Round 19 - extraversion metric: 0.625
Raw answer: 3
Answer :3
Raw answer: 3
Answer :3
Raw answer: 3
Answer :3
Raw answer: 3
Answer :3
Raw answer: 3
Answer :3
Raw answer: 3
Answer :3
Raw answer: 3
Answer :3
Raw answer: 3
Answer :3
Raw answer: 3
Answer :3
Raw answer: 3
Answer :3
Raw answer: 3
Answer :3
Raw answer: 3
Answer :3
Raw answer: 3
Answer :3
Raw answer: 4
Answer :4
Raw answer: 4
Answer :4
Raw answer: 3
Answer :3
Raw answer: 3
Answer :3
Raw answer: 3
Answer :3
Raw answer: 3
Answer :3
Raw answer: 1
Answer :1
Raw answer: 3
Answer :3
Raw answer: 3
Answer :3
Raw answer: 5
Answer :5
Raw answer: 3
Answer :3
[3, 3, 3, 3, 3, 3, 3, 3, 3, 3, 3, 3, 3, 4, 4, 3, 3, 3, 3, 1, 3, 3, 5, 3]
0.6166666666666667
Round 20 - extraversion metric: 0.6166666666666667
Extraversion average metric: 0.61875

Processing dimension: openness
Raw answer: 4
Answer :4
Raw answer: 4
Answer :4
Raw answer: 4
Answer :4
Raw answer: 4
Answer :4
Raw answer: 5
Answer :5
Raw answer: 4
Answer :4
Raw answer: 1
Answer :1
Raw answer: 3
Answer :3
Raw answer: 3
Answer :3
Raw answer: 3
Answer :3
Raw answer: 3
Answer :3
Raw answer: 3
Answer :3
Raw answer: 5
Answer :5
Raw answer: 3
Answer :3
Raw answer: 3
Answer :3
Raw answer: 3
Answer :3
Raw answer: 5
Answer :5
Raw answer: 3
Answer :3
Raw answer: 3
Answer :3
Raw answer: 3
Answer :3
Raw answer: 3
Answer :3
Raw answer: 3
Answer :3
Raw answer: 3
Answer :3
Raw answer: 4
Answer :4
[4, 4, 4, 4, 5, 4, 1, 3, 3, 3, 3, 3, 5, 3, 3, 3, 5, 3, 3, 3, 3, 3, 3, 4]
0.7
Round 1 - openness metric: 0.7
Raw answer: 4
Answer :4
Raw answer: 4
Answer :4
Raw answer: 4
Answer :4
Raw answer: 4
Answer :4
Raw answer: 5
Answer :5
Raw answer: 4
Answer :4
Raw answer: 1
Answer :1
Raw answer: 3
Answer :3
Raw answer: 3
Answer :3
Raw answer: 3
Answer :3
Raw answer: 3
Answer :3
Raw answer: 3
Answer :3
Raw answer: 5
Answer :5
Raw answer: 3
Answer :3
Raw answer: 3
Answer :3
Raw answer: 3
Answer :3
Raw answer: 5
Answer :5
Raw answer: 3
Answer :3
Raw answer: 3
Answer :3
Raw answer: 3
Answer :3
Raw answer: 3
Answer :3
Raw answer: 3
Answer :3
Raw answer: 3
Answer :3
Raw answer: 4
Answer :4
[4, 4, 4, 4, 5, 4, 1, 3, 3, 3, 3, 3, 5, 3, 3, 3, 5, 3, 3, 3, 3, 3, 3, 4]
0.7
Round 2 - openness metric: 0.7
Raw answer: 4
Answer :4
Raw answer: 4
Answer :4
Raw answer: 4
Answer :4
Raw answer: 4
Answer :4
Raw answer: 5
Answer :5
Raw answer: 4
Answer :4
Raw answer: 1
Answer :1
Raw answer: 3
Answer :3
Raw answer: 3
Answer :3
Raw answer: 3
Answer :3
Raw answer: 3
Answer :3
Raw answer: 3
Answer :3
Raw answer: 5
Answer :5
Raw answer: 3
Answer :3
Raw answer: 3
Answer :3
Raw answer: 3
Answer :3
Raw answer: 5
Answer :5
Raw answer: 3
Answer :3
Raw answer: 3
Answer :3
Raw answer: 3
Answer :3
Raw answer: 3
Answer :3
Raw answer: 3
Answer :3
Raw answer: 3
Answer :3
Raw answer: 4
Answer :4
[4, 4, 4, 4, 5, 4, 1, 3, 3, 3, 3, 3, 5, 3, 3, 3, 5, 3, 3, 3, 3, 3, 3, 4]
0.7
Round 3 - openness metric: 0.7
Raw answer: 4
Answer :4
Raw answer: 3
Answer :3
Raw answer: 4
Answer :4
Raw answer: 4
Answer :4
Raw answer: 5
Answer :5
Raw answer: 4
Answer :4
Raw answer: 1
Answer :1
Raw answer: 3
Answer :3
Raw answer: 3
Answer :3
Raw answer: 3
Answer :3
Raw answer: 3
Answer :3
Raw answer: 3
Answer :3
Raw answer: 5
Answer :5
Raw answer: 3
Answer :3
Raw answer: 3
Answer :3
Raw answer: 3
Answer :3
Raw answer: 5
Answer :5
Raw answer: 3
Answer :3
Raw answer: 3
Answer :3
Raw answer: 3
Answer :3
Raw answer: 3
Answer :3
Raw answer: 3
Answer :3
Raw answer: 3
Answer :3
Raw answer: 4
Answer :4
[4, 3, 4, 4, 5, 4, 1, 3, 3, 3, 3, 3, 5, 3, 3, 3, 5, 3, 3, 3, 3, 3, 3, 4]
0.6916666666666667
Round 4 - openness metric: 0.6916666666666667
Raw answer: 4
Answer :4
Raw answer: 4
Answer :4
Raw answer: 4
Answer :4
Raw answer: 4
Answer :4
Raw answer: 5
Answer :5
Raw answer: 4
Answer :4
Raw answer: 1
Answer :1
Raw answer: 1
Answer :1
Raw answer: 3
Answer :3
Raw answer: 3
Answer :3
Raw answer: 3
Answer :3
Raw answer: 3
Answer :3
Raw answer: 5
Answer :5
Raw answer: 3
Answer :3
Raw answer: 3
Answer :3
Raw answer: 3
Answer :3
Raw answer: 5
Answer :5
Raw answer: 3
Answer :3
Raw answer: 3
Answer :3
Raw answer: 3
Answer :3
Raw answer: 3
Answer :3
Raw answer: 3
Answer :3
Raw answer: 3
Answer :3
Raw answer: 4
Answer :4
[4, 4, 4, 4, 5, 4, 1, 1, 3, 3, 3, 3, 5, 3, 3, 3, 5, 3, 3, 3, 3, 3, 3, 4]
0.7166666666666667
Round 5 - openness metric: 0.7166666666666667
Raw answer: 4
Answer :4
Raw answer: 4
Answer :4
Raw answer: 4
Answer :4
Raw answer: 4
Answer :4
Raw answer: 5
Answer :5
Raw answer: 4
Answer :4
Raw answer: 1
Answer :1
Raw answer: 1
Answer :1
Raw answer: 3
Answer :3
Raw answer: 3
Answer :3
Raw answer: 3
Answer :3
Raw answer: 3
Answer :3
Raw answer: 5
Answer :5
Raw answer: 3
Answer :3
Raw answer: 3
Answer :3
Raw answer: 3
Answer :3
Raw answer: 5
Answer :5
Raw answer: 3
Answer :3
Raw answer: 3
Answer :3
Raw answer: 3
Answer :3
Raw answer: 3
Answer :3
Raw answer: 3
Answer :3
Raw answer: 3
Answer :3
Raw answer: 5
Answer :5
[4, 4, 4, 4, 5, 4, 1, 1, 3, 3, 3, 3, 5, 3, 3, 3, 5, 3, 3, 3, 3, 3, 3, 5]
0.7083333333333333
Round 6 - openness metric: 0.7083333333333333
Raw answer: 4
Answer :4
Raw answer: 3
Answer :3
Raw answer: 4
Answer :4
Raw answer: 4
Answer :4
Raw answer: 5
Answer :5
Raw answer: 4
Answer :4
Raw answer: 1
Answer :1
Raw answer: 3
Answer :3
Raw answer: 3
Answer :3
Raw answer: 3
Answer :3
Raw answer: 3
Answer :3
Raw answer: 3
Answer :3
Raw answer: 5
Answer :5
Raw answer: 3
Answer :3
Raw answer: 3
Answer :3
Raw answer: 3
Answer :3
Raw answer: 5
Answer :5
Raw answer: 3
Answer :3
Raw answer: 3
Answer :3
Raw answer: 3
Answer :3
Raw answer: 3
Answer :3
Raw answer: 3
Answer :3
Raw answer: 3
Answer :3
Raw answer: 4
Answer :4
[4, 3, 4, 4, 5, 4, 1, 3, 3, 3, 3, 3, 5, 3, 3, 3, 5, 3, 3, 3, 3, 3, 3, 4]
0.6916666666666667
Round 7 - openness metric: 0.6916666666666667
Raw answer: 4
Answer :4
Raw answer: 4
Answer :4
Raw answer: 4
Answer :4
Raw answer: 4
Answer :4
Raw answer: 5
Answer :5
Raw answer: 4
Answer :4
Raw answer: 1
Answer :1
Raw answer: 1
Answer :1
Raw answer: 3
Answer :3
Raw answer: 3
Answer :3
Raw answer: 3
Answer :3
Raw answer: 3
Answer :3
Raw answer: 5
Answer :5
Raw answer: 3
Answer :3
Raw answer: 3
Answer :3
Raw answer: 3
Answer :3
Raw answer: 5
Answer :5
Raw answer: 3
Answer :3
Raw answer: 3
Answer :3
Raw answer: 3
Answer :3
Raw answer: 3
Answer :3
Raw answer: 3
Answer :3
Raw answer: 3
Answer :3
Raw answer: 4
Answer :4
[4, 4, 4, 4, 5, 4, 1, 1, 3, 3, 3, 3, 5, 3, 3, 3, 5, 3, 3, 3, 3, 3, 3, 4]
0.7166666666666667
Round 8 - openness metric: 0.7166666666666667
Raw answer: 4
Answer :4
Raw answer: 4
Answer :4
Raw answer: 4
Answer :4
Raw answer: 4
Answer :4
Raw answer: 5
Answer :5
Raw answer: 4
Answer :4
Raw answer: 1
Answer :1
Raw answer: 3
Answer :3
Raw answer: 3
Answer :3
Raw answer: 3
Answer :3
Raw answer: 3
Answer :3
Raw answer: 3
Answer :3
Raw answer: 5
Answer :5
Raw answer: 3
Answer :3
Raw answer: 3
Answer :3
Raw answer: 3
Answer :3
Raw answer: 5
Answer :5
Raw answer: 3
Answer :3
Raw answer: 3
Answer :3
Raw answer: 3
Answer :3
Raw answer: 3
Answer :3
Raw answer: 3
Answer :3
Raw answer: 3
Answer :3
Raw answer: 5
Answer :5
[4, 4, 4, 4, 5, 4, 1, 3, 3, 3, 3, 3, 5, 3, 3, 3, 5, 3, 3, 3, 3, 3, 3, 5]
0.6916666666666667
Round 9 - openness metric: 0.6916666666666667
Raw answer: 4
Answer :4
Raw answer: 4
Answer :4
Raw answer: 4
Answer :4
Raw answer: 4
Answer :4
Raw answer: 5
Answer :5
Raw answer: 4
Answer :4
Raw answer: 1
Answer :1
Raw answer: 1
Answer :1
Raw answer: 3
Answer :3
Raw answer: 3
Answer :3
Raw answer: 3
Answer :3
Raw answer: 3
Answer :3
Raw answer: 5
Answer :5
Raw answer: 3
Answer :3
Raw answer: 3
Answer :3
Raw answer: 3
Answer :3
Raw answer: 5
Answer :5
Raw answer: 3
Answer :3
Raw answer: 3
Answer :3
Raw answer: 3
Answer :3
Raw answer: 3
Answer :3
Raw answer: 3
Answer :3
Raw answer: 3
Answer :3
Raw answer: 5
Answer :5
[4, 4, 4, 4, 5, 4, 1, 1, 3, 3, 3, 3, 5, 3, 3, 3, 5, 3, 3, 3, 3, 3, 3, 5]
0.7083333333333333
Round 10 - openness metric: 0.7083333333333333
Raw answer: 4
Answer :4
Raw answer: 3
Answer :3
Raw answer: 4
Answer :4
Raw answer: 4
Answer :4
Raw answer: 5
Answer :5
Raw answer: 4
Answer :4
Raw answer: 1
Answer :1
Raw answer: 3
Answer :3
Raw answer: 3
Answer :3
Raw answer: 3
Answer :3
Raw answer: 3
Answer :3
Raw answer: 3
Answer :3
Raw answer: 5
Answer :5
Raw answer: 3
Answer :3
Raw answer: 3
Answer :3
Raw answer: 3
Answer :3
Raw answer: 5
Answer :5
Raw answer: 3
Answer :3
Raw answer: 3
Answer :3
Raw answer: 3
Answer :3
Raw answer: 3
Answer :3
Raw answer: 3
Answer :3
Raw answer: 3
Answer :3
Raw answer: 4
Answer :4
[4, 3, 4, 4, 5, 4, 1, 3, 3, 3, 3, 3, 5, 3, 3, 3, 5, 3, 3, 3, 3, 3, 3, 4]
0.6916666666666667
Round 11 - openness metric: 0.6916666666666667
Raw answer: 4
Answer :4
Raw answer: 4
Answer :4
Raw answer: 4
Answer :4
Raw answer: 4
Answer :4
Raw answer: 5
Answer :5
Raw answer: 4
Answer :4
Raw answer: 1
Answer :1
Raw answer: 3
Answer :3
Raw answer: 3
Answer :3
Raw answer: 3
Answer :3
Raw answer: 3
Answer :3
Raw answer: 3
Answer :3
Raw answer: 5
Answer :5
Raw answer: 3
Answer :3
Raw answer: 3
Answer :3
Raw answer: 3
Answer :3
Raw answer: 5
Answer :5
Raw answer: 3
Answer :3
Raw answer: 3
Answer :3
Raw answer: 3
Answer :3
Raw answer: 3
Answer :3
Raw answer: 3
Answer :3
Raw answer: 3
Answer :3
Raw answer: 5
Answer :5
[4, 4, 4, 4, 5, 4, 1, 3, 3, 3, 3, 3, 5, 3, 3, 3, 5, 3, 3, 3, 3, 3, 3, 5]
0.6916666666666667
Round 12 - openness metric: 0.6916666666666667
Raw answer: 4
Answer :4
Raw answer: 3
Answer :3
Raw answer: 4
Answer :4
Raw answer: 4
Answer :4
Raw answer: 5
Answer :5
Raw answer: 4
Answer :4
Raw answer: 1
Answer :1
Raw answer: 1
Answer :1
Raw answer: 3
Answer :3
Raw answer: 3
Answer :3
Raw answer: 3
Answer :3
Raw answer: 3
Answer :3
Raw answer: 5
Answer :5
Raw answer: 3
Answer :3
Raw answer: 3
Answer :3
Raw answer: 3
Answer :3
Raw answer: 5
Answer :5
Raw answer: 3
Answer :3
Raw answer: 3
Answer :3
Raw answer: 3
Answer :3
Raw answer: 3
Answer :3
Raw answer: 3
Answer :3
Raw answer: 3
Answer :3
Raw answer: 4
Answer :4
[4, 3, 4, 4, 5, 4, 1, 1, 3, 3, 3, 3, 5, 3, 3, 3, 5, 3, 3, 3, 3, 3, 3, 4]
0.7083333333333333
Round 13 - openness metric: 0.7083333333333333
Raw answer: 4
Answer :4
Raw answer: 4
Answer :4
Raw answer: 4
Answer :4
Raw answer: 4
Answer :4
Raw answer: 5
Answer :5
Raw answer: 4
Answer :4
Raw answer: 1
Answer :1
Raw answer: 1
Answer :1
Raw answer: 3
Answer :3
Raw answer: 3
Answer :3
Raw answer: 3
Answer :3
Raw answer: 3
Answer :3
Raw answer: 5
Answer :5
Raw answer: 3
Answer :3
Raw answer: 3
Answer :3
Raw answer: 3
Answer :3
Raw answer: 5
Answer :5
Raw answer: 3
Answer :3
Raw answer: 3
Answer :3
Raw answer: 3
Answer :3
Raw answer: 3
Answer :3
Raw answer: 3
Answer :3
Raw answer: 3
Answer :3
Raw answer: 5
Answer :5
[4, 4, 4, 4, 5, 4, 1, 1, 3, 3, 3, 3, 5, 3, 3, 3, 5, 3, 3, 3, 3, 3, 3, 5]
0.7083333333333333
Round 14 - openness metric: 0.7083333333333333
Raw answer: 4
Answer :4
Raw answer: 4
Answer :4
Raw answer: 4
Answer :4
Raw answer: 4
Answer :4
Raw answer: 5
Answer :5
Raw answer: 4
Answer :4
Raw answer: 1
Answer :1
Raw answer: 3
Answer :3
Raw answer: 3
Answer :3
Raw answer: 3
Answer :3
Raw answer: 3
Answer :3
Raw answer: 3
Answer :3
Raw answer: 5
Answer :5
Raw answer: 3
Answer :3
Raw answer: 3
Answer :3
Raw answer: 3
Answer :3
Raw answer: 5
Answer :5
Raw answer: 3
Answer :3
Raw answer: 3
Answer :3
Raw answer: 3
Answer :3
Raw answer: 3
Answer :3
Raw answer: 3
Answer :3
Raw answer: 3
Answer :3
Raw answer: 4
Answer :4
[4, 4, 4, 4, 5, 4, 1, 3, 3, 3, 3, 3, 5, 3, 3, 3, 5, 3, 3, 3, 3, 3, 3, 4]
0.7
Round 15 - openness metric: 0.7
Raw answer: 4
Answer :4
Raw answer: 4
Answer :4
Raw answer: 4
Answer :4
Raw answer: 4
Answer :4
Raw answer: 5
Answer :5
Raw answer: 4
Answer :4
Raw answer: 1
Answer :1
Raw answer: 1
Answer :1
Raw answer: 3
Answer :3
Raw answer: 3
Answer :3
Raw answer: 3
Answer :3
Raw answer: 3
Answer :3
Raw answer: 5
Answer :5
Raw answer: 3
Answer :3
Raw answer: 3
Answer :3
Raw answer: 3
Answer :3
Raw answer: 5
Answer :5
Raw answer: 3
Answer :3
Raw answer: 3
Answer :3
Raw answer: 3
Answer :3
Raw answer: 3
Answer :3
Raw answer: 3
Answer :3
Raw answer: 3
Answer :3
Raw answer: 4
Answer :4
[4, 4, 4, 4, 5, 4, 1, 1, 3, 3, 3, 3, 5, 3, 3, 3, 5, 3, 3, 3, 3, 3, 3, 4]
0.7166666666666667
Round 16 - openness metric: 0.7166666666666667
Raw answer: 4
Answer :4
Raw answer: 3
Answer :3
Raw answer: 4
Answer :4
Raw answer: 4
Answer :4
Raw answer: 5
Answer :5
Raw answer: 4
Answer :4
Raw answer: 1
Answer :1
Raw answer: 3
Answer :3
Raw answer: 3
Answer :3
Raw answer: 3
Answer :3
Raw answer: 3
Answer :3
Raw answer: 3
Answer :3
Raw answer: 5
Answer :5
Raw answer: 3
Answer :3
Raw answer: 3
Answer :3
Raw answer: 3
Answer :3
Raw answer: 5
Answer :5
Raw answer: 3
Answer :3
Raw answer: 3
Answer :3
Raw answer: 3
Answer :3
Raw answer: 3
Answer :3
Raw answer: 3
Answer :3
Raw answer: 3
Answer :3
Raw answer: 4
Answer :4
[4, 3, 4, 4, 5, 4, 1, 3, 3, 3, 3, 3, 5, 3, 3, 3, 5, 3, 3, 3, 3, 3, 3, 4]
0.6916666666666667
Round 17 - openness metric: 0.6916666666666667
Raw answer: 4
Answer :4
Raw answer: 3
Answer :3
Raw answer: 4
Answer :4
Raw answer: 4
Answer :4
Raw answer: 5
Answer :5
Raw answer: 4
Answer :4
Raw answer: 1
Answer :1
Raw answer: 3
Answer :3
Raw answer: 3
Answer :3
Raw answer: 3
Answer :3
Raw answer: 3
Answer :3
Raw answer: 3
Answer :3
Raw answer: 5
Answer :5
Raw answer: 3
Answer :3
Raw answer: 3
Answer :3
Raw answer: 3
Answer :3
Raw answer: 5
Answer :5
Raw answer: 3
Answer :3
Raw answer: 3
Answer :3
Raw answer: 3
Answer :3
Raw answer: 3
Answer :3
Raw answer: 3
Answer :3
Raw answer: 3
Answer :3
Raw answer: 4
Answer :4
[4, 3, 4, 4, 5, 4, 1, 3, 3, 3, 3, 3, 5, 3, 3, 3, 5, 3, 3, 3, 3, 3, 3, 4]
0.6916666666666667
Round 18 - openness metric: 0.6916666666666667
Raw answer: 4
Answer :4
Raw answer: 3
Answer :3
Raw answer: 4
Answer :4
Raw answer: 4
Answer :4
Raw answer: 5
Answer :5
Raw answer: 4
Answer :4
Raw answer: 1
Answer :1
Raw answer: 3
Answer :3
Raw answer: 3
Answer :3
Raw answer: 3
Answer :3
Raw answer: 3
Answer :3
Raw answer: 3
Answer :3
Raw answer: 5
Answer :5
Raw answer: 3
Answer :3
Raw answer: 3
Answer :3
Raw answer: 3
Answer :3
Raw answer: 5
Answer :5
Raw answer: 3
Answer :3
Raw answer: 3
Answer :3
Raw answer: 3
Answer :3
Raw answer: 3
Answer :3
Raw answer: 3
Answer :3
Raw answer: 3
Answer :3
Raw answer: 5
Answer :5
[4, 3, 4, 4, 5, 4, 1, 3, 3, 3, 3, 3, 5, 3, 3, 3, 5, 3, 3, 3, 3, 3, 3, 5]
0.6833333333333333
Round 19 - openness metric: 0.6833333333333333
Raw answer: 4
Answer :4
Raw answer: 3
Answer :3
Raw answer: 4
Answer :4
Raw answer: 4
Answer :4
Raw answer: 5
Answer :5
Raw answer: 4
Answer :4
Raw answer: 1
Answer :1
Raw answer: 3
Answer :3
Raw answer: 3
Answer :3
Raw answer: 3
Answer :3
Raw answer: 3
Answer :3
Raw answer: 3
Answer :3
Raw answer: 5
Answer :5
Raw answer: 3
Answer :3
Raw answer: 3
Answer :3
Raw answer: 3
Answer :3
Raw answer: 5
Answer :5
Raw answer: 3
Answer :3
Raw answer: 3
Answer :3
Raw answer: 3
Answer :3
Raw answer: 3
Answer :3
Raw answer: 3
Answer :3
Raw answer: 3
Answer :3
Raw answer: 4
Answer :4
[4, 3, 4, 4, 5, 4, 1, 3, 3, 3, 3, 3, 5, 3, 3, 3, 5, 3, 3, 3, 3, 3, 3, 4]
0.6916666666666667
Round 20 - openness metric: 0.6916666666666667
Openness average metric: 0.7

Processing dimension: agreeableness
Raw answer: 3
Answer :3
Raw answer: 4
Answer :4
Raw answer: 3
Answer :3
Raw answer: 1
Answer :1
Raw answer: 3
Answer :3
Raw answer: 1
Answer :1
Raw answer: 1
Answer :1
Raw answer: 1
Answer :1
Raw answer: 4
Answer :4
Raw answer: 5
Answer :5
Raw answer: 3
Answer :3
Raw answer: 1
Answer :1
Raw answer: 3
Answer :3
Raw answer: 1
Answer :1
Raw answer: 1
Answer :1
Raw answer: 1
Answer :1
Raw answer: 3
Answer :3
Raw answer: 3
Answer :3
Raw answer: 3
Answer :3
Raw answer: 1
Answer :1
Raw answer: 4
Answer :4
Raw answer: 4
Answer :4
Raw answer: 3
Answer :3
Raw answer: 1
Answer :1
[3, 4, 3, 1, 3, 1, 1, 1, 4, 5, 3, 1, 3, 1, 1, 1, 3, 3, 3, 1, 4, 4, 3, 1]
0.8166666666666667
Round 1 - agreeableness metric: 0.8166666666666667
Raw answer: 3
Answer :3
Raw answer: 4
Answer :4
Raw answer: 3
Answer :3
Raw answer: 1
Answer :1
Raw answer: 3
Answer :3
Raw answer: 1
Answer :1
Raw answer: 1
Answer :1
Raw answer: 1
Answer :1
Raw answer: 4
Answer :4
Raw answer: 5
Answer :5
Raw answer: 3
Answer :3
Raw answer: 1
Answer :1
Raw answer: 3
Answer :3
Raw answer: 1
Answer :1
Raw answer: 1
Answer :1
Raw answer: 1
Answer :1
Raw answer: 3
Answer :3
Raw answer: 3
Answer :3
Raw answer: 3
Answer :3
Raw answer: 1
Answer :1
Raw answer: 4
Answer :4
Raw answer: 4
Answer :4
Raw answer: 3
Answer :3
Raw answer: 1
Answer :1
[3, 4, 3, 1, 3, 1, 1, 1, 4, 5, 3, 1, 3, 1, 1, 1, 3, 3, 3, 1, 4, 4, 3, 1]
0.8166666666666667
Round 2 - agreeableness metric: 0.8166666666666667
Raw answer: 3
Answer :3
Raw answer: 4
Answer :4
Raw answer: 3
Answer :3
Raw answer: 1
Answer :1
Raw answer: 3
Answer :3
Raw answer: 1
Answer :1
Raw answer: 1
Answer :1
Raw answer: 1
Answer :1
Raw answer: 4
Answer :4
Raw answer: 4
Answer :4
Raw answer: 3
Answer :3
Raw answer: 1
Answer :1
Raw answer: 3
Answer :3
Raw answer: 1
Answer :1
Raw answer: 1
Answer :1
Raw answer: 1
Answer :1
Raw answer: 3
Answer :3
Raw answer: 3
Answer :3
Raw answer: 3
Answer :3
Raw answer: 1
Answer :1
Raw answer: 5
Answer :5
Raw answer: 4
Answer :4
Raw answer: 3
Answer :3
Raw answer: 1
Answer :1
[3, 4, 3, 1, 3, 1, 1, 1, 4, 4, 3, 1, 3, 1, 1, 1, 3, 3, 3, 1, 5, 4, 3, 1]
0.8166666666666667
Round 3 - agreeableness metric: 0.8166666666666667
Raw answer: 3
Answer :3
Raw answer: 4
Answer :4
Raw answer: 3
Answer :3
Raw answer: 1
Answer :1
Raw answer: 3
Answer :3
Raw answer: 1
Answer :1
Raw answer: 1
Answer :1
Raw answer: 1
Answer :1
Raw answer: 4
Answer :4
Raw answer: 5
Answer :5
Raw answer: 3
Answer :3
Raw answer: 1
Answer :1
Raw answer: 3
Answer :3
Raw answer: 1
Answer :1
Raw answer: 1
Answer :1
Raw answer: 1
Answer :1
Raw answer: 3
Answer :3
Raw answer: 3
Answer :3
Raw answer: 3
Answer :3
Raw answer: 1
Answer :1
Raw answer: 5
Answer :5
Raw answer: 4
Answer :4
Raw answer: 3
Answer :3
Raw answer: 1
Answer :1
[3, 4, 3, 1, 3, 1, 1, 1, 4, 5, 3, 1, 3, 1, 1, 1, 3, 3, 3, 1, 5, 4, 3, 1]
0.825
Round 4 - agreeableness metric: 0.825
Raw answer: 3
Answer :3
Raw answer: 4
Answer :4
Raw answer: 3
Answer :3
Raw answer: 1
Answer :1
Raw answer: 3
Answer :3
Raw answer: 1
Answer :1
Raw answer: 1
Answer :1
Raw answer: 1
Answer :1
Raw answer: 4
Answer :4
Raw answer: 4
Answer :4
Raw answer: 3
Answer :3
Raw answer: 1
Answer :1
Raw answer: 3
Answer :3
Raw answer: 1
Answer :1
Raw answer: 1
Answer :1
Raw answer: 1
Answer :1
Raw answer: 3
Answer :3
Raw answer: 3
Answer :3
Raw answer: 3
Answer :3
Raw answer: 1
Answer :1
Raw answer: 4
Answer :4
Raw answer: 4
Answer :4
Raw answer: 3
Answer :3
Raw answer: 1
Answer :1
[3, 4, 3, 1, 3, 1, 1, 1, 4, 4, 3, 1, 3, 1, 1, 1, 3, 3, 3, 1, 4, 4, 3, 1]
0.8083333333333333
Round 5 - agreeableness metric: 0.8083333333333333
Raw answer: 3
Answer :3
Raw answer: 4
Answer :4
Raw answer: 3
Answer :3
Raw answer: 1
Answer :1
Raw answer: 3
Answer :3
Raw answer: 1
Answer :1
Raw answer: 1
Answer :1
Raw answer: 1
Answer :1
Raw answer: 4
Answer :4
Raw answer: 5
Answer :5
Raw answer: 3
Answer :3
Raw answer: 1
Answer :1
Raw answer: 3
Answer :3
Raw answer: 1
Answer :1
Raw answer: 1
Answer :1
Raw answer: 1
Answer :1
Raw answer: 3
Answer :3
Raw answer: 3
Answer :3
Raw answer: 3
Answer :3
Raw answer: 1
Answer :1
Raw answer: 4
Answer :4
Raw answer: 4
Answer :4
Raw answer: 3
Answer :3
Raw answer: 1
Answer :1
[3, 4, 3, 1, 3, 1, 1, 1, 4, 5, 3, 1, 3, 1, 1, 1, 3, 3, 3, 1, 4, 4, 3, 1]
0.8166666666666667
Round 6 - agreeableness metric: 0.8166666666666667
Raw answer: 3
Answer :3
Raw answer: 4
Answer :4
Raw answer: 3
Answer :3
Raw answer: 1
Answer :1
Raw answer: 3
Answer :3
Raw answer: 1
Answer :1
Raw answer: 1
Answer :1
Raw answer: 1
Answer :1
Raw answer: 4
Answer :4
Raw answer: 4
Answer :4
Raw answer: 3
Answer :3
Raw answer: 1
Answer :1
Raw answer: 3
Answer :3
Raw answer: 1
Answer :1
Raw answer: 1
Answer :1
Raw answer: 1
Answer :1
Raw answer: 3
Answer :3
Raw answer: 3
Answer :3
Raw answer: 3
Answer :3
Raw answer: 1
Answer :1
Raw answer: 5
Answer :5
Raw answer: 4
Answer :4
Raw answer: 3
Answer :3
Raw answer: 1
Answer :1
[3, 4, 3, 1, 3, 1, 1, 1, 4, 4, 3, 1, 3, 1, 1, 1, 3, 3, 3, 1, 5, 4, 3, 1]
0.8166666666666667
Round 7 - agreeableness metric: 0.8166666666666667
Raw answer: 3
Answer :3
Raw answer: 4
Answer :4
Raw answer: 3
Answer :3
Raw answer: 1
Answer :1
Raw answer: 3
Answer :3
Raw answer: 1
Answer :1
Raw answer: 1
Answer :1
Raw answer: 1
Answer :1
Raw answer: 4
Answer :4
Raw answer: 5
Answer :5
Raw answer: 3
Answer :3
Raw answer: 1
Answer :1
Raw answer: 3
Answer :3
Raw answer: 1
Answer :1
Raw answer: 1
Answer :1
Raw answer: 1
Answer :1
Raw answer: 3
Answer :3
Raw answer: 3
Answer :3
Raw answer: 3
Answer :3
Raw answer: 1
Answer :1
Raw answer: 4
Answer :4
Raw answer: 4
Answer :4
Raw answer: 3
Answer :3
Raw answer: 1
Answer :1
[3, 4, 3, 1, 3, 1, 1, 1, 4, 5, 3, 1, 3, 1, 1, 1, 3, 3, 3, 1, 4, 4, 3, 1]
0.8166666666666667
Round 8 - agreeableness metric: 0.8166666666666667
Raw answer: 3
Answer :3
Raw answer: 4
Answer :4
Raw answer: 3
Answer :3
Raw answer: 1
Answer :1
Raw answer: 3
Answer :3
Raw answer: 1
Answer :1
Raw answer: 1
Answer :1
Raw answer: 1
Answer :1
Raw answer: 4
Answer :4
Raw answer: 5
Answer :5
Raw answer: 3
Answer :3
Raw answer: 3
Answer :3
Raw answer: 3
Answer :3
Raw answer: 1
Answer :1
Raw answer: 1
Answer :1
Raw answer: 1
Answer :1
Raw answer: 3
Answer :3
Raw answer: 3
Answer :3
Raw answer: 3
Answer :3
Raw answer: 1
Answer :1
Raw answer: 4
Answer :4
Raw answer: 4
Answer :4
Raw answer: 3
Answer :3
Raw answer: 1
Answer :1
[3, 4, 3, 1, 3, 1, 1, 1, 4, 5, 3, 3, 3, 1, 1, 1, 3, 3, 3, 1, 4, 4, 3, 1]
0.8
Round 9 - agreeableness metric: 0.8
Raw answer: 3
Answer :3
Raw answer: 4
Answer :4
Raw answer: 3
Answer :3
Raw answer: 1
Answer :1
Raw answer: 3
Answer :3
Raw answer: 1
Answer :1
Raw answer: 1
Answer :1
Raw answer: 1
Answer :1
Raw answer: 4
Answer :4
Raw answer: 5
Answer :5
Raw answer: 3
Answer :3
Raw answer: 3
Answer :3
Raw answer: 3
Answer :3
Raw answer: 1
Answer :1
Raw answer: 1
Answer :1
Raw answer: 1
Answer :1
Raw answer: 3
Answer :3
Raw answer: 3
Answer :3
Raw answer: 3
Answer :3
Raw answer: 1
Answer :1
Raw answer: 5
Answer :5
Raw answer: 4
Answer :4
Raw answer: 3
Answer :3
Raw answer: 1
Answer :1
[3, 4, 3, 1, 3, 1, 1, 1, 4, 5, 3, 3, 3, 1, 1, 1, 3, 3, 3, 1, 5, 4, 3, 1]
0.8083333333333333
Round 10 - agreeableness metric: 0.8083333333333333
Raw answer: 3
Answer :3
Raw answer: 4
Answer :4
Raw answer: 3
Answer :3
Raw answer: 1
Answer :1
Raw answer: 3
Answer :3
Raw answer: 1
Answer :1
Raw answer: 1
Answer :1
Raw answer: 1
Answer :1
Raw answer: 4
Answer :4
Raw answer: 5
Answer :5
Raw answer: 3
Answer :3
Raw answer: 1
Answer :1
Raw answer: 3
Answer :3
Raw answer: 1
Answer :1
Raw answer: 1
Answer :1
Raw answer: 1
Answer :1
Raw answer: 3
Answer :3
Raw answer: 3
Answer :3
Raw answer: 3
Answer :3
Raw answer: 1
Answer :1
Raw answer: 4
Answer :4
Raw answer: 4
Answer :4
Raw answer: 3
Answer :3
Raw answer: 1
Answer :1
[3, 4, 3, 1, 3, 1, 1, 1, 4, 5, 3, 1, 3, 1, 1, 1, 3, 3, 3, 1, 4, 4, 3, 1]
0.8166666666666667
Round 11 - agreeableness metric: 0.8166666666666667
Raw answer: 3
Answer :3
Raw answer: 4
Answer :4
Raw answer: 3
Answer :3
Raw answer: 1
Answer :1
Raw answer: 3
Answer :3
Raw answer: 1
Answer :1
Raw answer: 1
Answer :1
Raw answer: 1
Answer :1
Raw answer: 4
Answer :4
Raw answer: 4
Answer :4
Raw answer: 3
Answer :3
Raw answer: 1
Answer :1
Raw answer: 3
Answer :3
Raw answer: 1
Answer :1
Raw answer: 1
Answer :1
Raw answer: 1
Answer :1
Raw answer: 3
Answer :3
Raw answer: 3
Answer :3
Raw answer: 3
Answer :3
Raw answer: 1
Answer :1
Raw answer: 4
Answer :4
Raw answer: 4
Answer :4
Raw answer: 3
Answer :3
Raw answer: 1
Answer :1
[3, 4, 3, 1, 3, 1, 1, 1, 4, 4, 3, 1, 3, 1, 1, 1, 3, 3, 3, 1, 4, 4, 3, 1]
0.8083333333333333
Round 12 - agreeableness metric: 0.8083333333333333
Raw answer: 3
Answer :3
Raw answer: 5
Answer :5
Raw answer: 3
Answer :3
Raw answer: 1
Answer :1
Raw answer: 3
Answer :3
Raw answer: 1
Answer :1
Raw answer: 1
Answer :1
Raw answer: 1
Answer :1
Raw answer: 4
Answer :4
Raw answer: 5
Answer :5
Raw answer: 3
Answer :3
Raw answer: 1
Answer :1
Raw answer: 3
Answer :3
Raw answer: 1
Answer :1
Raw answer: 1
Answer :1
Raw answer: 1
Answer :1
Raw answer: 3
Answer :3
Raw answer: 3
Answer :3
Raw answer: 3
Answer :3
Raw answer: 1
Answer :1
Raw answer: 4
Answer :4
Raw answer: 4
Answer :4
Raw answer: 3
Answer :3
Raw answer: 1
Answer :1
[3, 5, 3, 1, 3, 1, 1, 1, 4, 5, 3, 1, 3, 1, 1, 1, 3, 3, 3, 1, 4, 4, 3, 1]
0.825
Round 13 - agreeableness metric: 0.825
Raw answer: 3
Answer :3
Raw answer: 5
Answer :5
Raw answer: 3
Answer :3
Raw answer: 1
Answer :1
Raw answer: 3
Answer :3
Raw answer: 1
Answer :1
Raw answer: 1
Answer :1
Raw answer: 1
Answer :1
Raw answer: 4
Answer :4
Raw answer: 5
Answer :5
Raw answer: 3
Answer :3
Raw answer: 3
Answer :3
Raw answer: 3
Answer :3
Raw answer: 1
Answer :1
Raw answer: 1
Answer :1
Raw answer: 1
Answer :1
Raw answer: 3
Answer :3
Raw answer: 3
Answer :3
Raw answer: 3
Answer :3
Raw answer: 1
Answer :1
Raw answer: 4
Answer :4
Raw answer: 4
Answer :4
Raw answer: 3
Answer :3
Raw answer: 1
Answer :1
[3, 5, 3, 1, 3, 1, 1, 1, 4, 5, 3, 3, 3, 1, 1, 1, 3, 3, 3, 1, 4, 4, 3, 1]
0.8083333333333333
Round 14 - agreeableness metric: 0.8083333333333333
Raw answer: 3
Answer :3
Raw answer: 4
Answer :4
Raw answer: 3
Answer :3
Raw answer: 1
Answer :1
Raw answer: 3
Answer :3
Raw answer: 1
Answer :1
Raw answer: 1
Answer :1
Raw answer: 1
Answer :1
Raw answer: 4
Answer :4
Raw answer: 5
Answer :5
Raw answer: 3
Answer :3
Raw answer: 1
Answer :1
Raw answer: 3
Answer :3
Raw answer: 1
Answer :1
Raw answer: 1
Answer :1
Raw answer: 1
Answer :1
Raw answer: 3
Answer :3
Raw answer: 3
Answer :3
Raw answer: 3
Answer :3
Raw answer: 1
Answer :1
Raw answer: 4
Answer :4
Raw answer: 4
Answer :4
Raw answer: 3
Answer :3
Raw answer: 1
Answer :1
[3, 4, 3, 1, 3, 1, 1, 1, 4, 5, 3, 1, 3, 1, 1, 1, 3, 3, 3, 1, 4, 4, 3, 1]
0.8166666666666667
Round 15 - agreeableness metric: 0.8166666666666667
Raw answer: 3
Answer :3
Raw answer: 4
Answer :4
Raw answer: 3
Answer :3
Raw answer: 1
Answer :1
Raw answer: 3
Answer :3
Raw answer: 1
Answer :1
Raw answer: 1
Answer :1
Raw answer: 1
Answer :1
Raw answer: 4
Answer :4
Raw answer: 5
Answer :5
Raw answer: 3
Answer :3
Raw answer: 3
Answer :3
Raw answer: 3
Answer :3
Raw answer: 1
Answer :1
Raw answer: 1
Answer :1
Raw answer: 1
Answer :1
Raw answer: 3
Answer :3
Raw answer: 3
Answer :3
Raw answer: 3
Answer :3
Raw answer: 1
Answer :1
Raw answer: 4
Answer :4
Raw answer: 4
Answer :4
Raw answer: 3
Answer :3
Raw answer: 1
Answer :1
[3, 4, 3, 1, 3, 1, 1, 1, 4, 5, 3, 3, 3, 1, 1, 1, 3, 3, 3, 1, 4, 4, 3, 1]
0.8
Round 16 - agreeableness metric: 0.8
Raw answer: 3
Answer :3
Raw answer: 4
Answer :4
Raw answer: 3
Answer :3
Raw answer: 1
Answer :1
Raw answer: 3
Answer :3
Raw answer: 1
Answer :1
Raw answer: 1
Answer :1
Raw answer: 1
Answer :1
Raw answer: 4
Answer :4
Raw answer: 5
Answer :5
Raw answer: 3
Answer :3
Raw answer: 1
Answer :1
Raw answer: 3
Answer :3
Raw answer: 1
Answer :1
Raw answer: 1
Answer :1
Raw answer: 1
Answer :1
Raw answer: 3
Answer :3
Raw answer: 3
Answer :3
Raw answer: 3
Answer :3
Raw answer: 1
Answer :1
Raw answer: 4
Answer :4
Raw answer: 4
Answer :4
Raw answer: 3
Answer :3
Raw answer: 1
Answer :1
[3, 4, 3, 1, 3, 1, 1, 1, 4, 5, 3, 1, 3, 1, 1, 1, 3, 3, 3, 1, 4, 4, 3, 1]
0.8166666666666667
Round 17 - agreeableness metric: 0.8166666666666667
Raw answer: 3
Answer :3
Raw answer: 4
Answer :4
Raw answer: 3
Answer :3
Raw answer: 1
Answer :1
Raw answer: 3
Answer :3
Raw answer: 1
Answer :1
Raw answer: 1
Answer :1
Raw answer: 1
Answer :1
Raw answer: 4
Answer :4
Raw answer: 5
Answer :5
Raw answer: 3
Answer :3
Raw answer: 3
Answer :3
Raw answer: 3
Answer :3
Raw answer: 1
Answer :1
Raw answer: 1
Answer :1
Raw answer: 1
Answer :1
Raw answer: 3
Answer :3
Raw answer: 3
Answer :3
Raw answer: 3
Answer :3
Raw answer: 1
Answer :1
Raw answer: 4
Answer :4
Raw answer: 4
Answer :4
Raw answer: 3
Answer :3
Raw answer: 1
Answer :1
[3, 4, 3, 1, 3, 1, 1, 1, 4, 5, 3, 3, 3, 1, 1, 1, 3, 3, 3, 1, 4, 4, 3, 1]
0.8
Round 18 - agreeableness metric: 0.8
Raw answer: 3
Answer :3
Raw answer: 5
Answer :5
Raw answer: 3
Answer :3
Raw answer: 1
Answer :1
Raw answer: 3
Answer :3
Raw answer: 1
Answer :1
Raw answer: 1
Answer :1
Raw answer: 1
Answer :1
Raw answer: 4
Answer :4
Raw answer: 5
Answer :5
Raw answer: 3
Answer :3
Raw answer: 1
Answer :1
Raw answer: 3
Answer :3
Raw answer: 1
Answer :1
Raw answer: 1
Answer :1
Raw answer: 1
Answer :1
Raw answer: 3
Answer :3
Raw answer: 3
Answer :3
Raw answer: 3
Answer :3
Raw answer: 1
Answer :1
Raw answer: 5
Answer :5
Raw answer: 4
Answer :4
Raw answer: 3
Answer :3
Raw answer: 1
Answer :1
[3, 5, 3, 1, 3, 1, 1, 1, 4, 5, 3, 1, 3, 1, 1, 1, 3, 3, 3, 1, 5, 4, 3, 1]
0.8333333333333334
Round 19 - agreeableness metric: 0.8333333333333334
Raw answer: 3
Answer :3
Raw answer: 4
Answer :4
Raw answer: 3
Answer :3
Raw answer: 1
Answer :1
Raw answer: 3
Answer :3
Raw answer: 1
Answer :1
Raw answer: 1
Answer :1
Raw answer: 1
Answer :1
Raw answer: 4
Answer :4
Raw answer: 4
Answer :4
Raw answer: 3
Answer :3
Raw answer: 3
Answer :3
Raw answer: 3
Answer :3
Raw answer: 1
Answer :1
Raw answer: 1
Answer :1
Raw answer: 1
Answer :1
Raw answer: 3
Answer :3
Raw answer: 3
Answer :3
Raw answer: 3
Answer :3
Raw answer: 1
Answer :1
Raw answer: 4
Answer :4
Raw answer: 4
Answer :4
Raw answer: 3
Answer :3
Raw answer: 1
Answer :1
[3, 4, 3, 1, 3, 1, 1, 1, 4, 4, 3, 3, 3, 1, 1, 1, 3, 3, 3, 1, 4, 4, 3, 1]
0.7916666666666667
Round 20 - agreeableness metric: 0.7916666666666667
Agreeableness average metric: 0.8129166666666666

Processing dimension: conscientiousness
Raw answer: 5
Answer :5
Raw answer: 3
Answer :3
Raw answer: 4
Answer :4
Raw answer: 4
Answer :4
Raw answer: 3
Answer :3
Raw answer: 3
Answer :3
Raw answer: 3
Answer :3
Raw answer: 3
Answer :3
Raw answer: 3
Answer :3
Raw answer: 5
Answer :5
Raw answer: 1
Answer :1
Raw answer: 1
Answer :1
Raw answer: 3
Answer :3
Raw answer: 3
Answer :3
Raw answer: 1
Answer :1
Raw answer: 3
Answer :3
Raw answer: 4
Answer :4
Raw answer: 3
Answer :3
Raw answer: 1
Answer :1
Raw answer: 3
Answer :3
Raw answer: 3
Answer :3
Raw answer: 1
Answer :1
Raw answer: 1
Answer :1
Raw answer: 1
Answer :1
[5, 3, 4, 4, 3, 3, 3, 3, 3, 5, 1, 1, 3, 3, 1, 3, 4, 3, 1, 3, 3, 1, 1, 1]
0.775
Round 1 - conscientiousness metric: 0.775
Raw answer: 5
Answer :5
Raw answer: 3
Answer :3
Raw answer: 4
Answer :4
Raw answer: 4
Answer :4
Raw answer: 3
Answer :3
Raw answer: 3
Answer :3
Raw answer: 3
Answer :3
Raw answer: 3
Answer :3
Raw answer: 3
Answer :3
Raw answer: 5
Answer :5
Raw answer: 1
Answer :1
Raw answer: 1
Answer :1
Raw answer: 3
Answer :3
Raw answer: 3
Answer :3
Raw answer: 1
Answer :1
Raw answer: 3
Answer :3
Raw answer: 4
Answer :4
Raw answer: 3
Answer :3
Raw answer: 1
Answer :1
Raw answer: 3
Answer :3
Raw answer: 3
Answer :3
Raw answer: 1
Answer :1
Raw answer: 1
Answer :1
Raw answer: 1
Answer :1
[5, 3, 4, 4, 3, 3, 3, 3, 3, 5, 1, 1, 3, 3, 1, 3, 4, 3, 1, 3, 3, 1, 1, 1]
0.775
Round 2 - conscientiousness metric: 0.775
Raw answer: 5
Answer :5
Raw answer: 3
Answer :3
Raw answer: 4
Answer :4
Raw answer: 4
Answer :4
Raw answer: 3
Answer :3
Raw answer: 3
Answer :3
Raw answer: 1
Answer :1
Raw answer: 3
Answer :3
Raw answer: 3
Answer :3
Raw answer: 5
Answer :5
Raw answer: 1
Answer :1
Raw answer: 1
Answer :1
Raw answer: 3
Answer :3
Raw answer: 3
Answer :3
Raw answer: 1
Answer :1
Raw answer: 3
Answer :3
Raw answer: 4
Answer :4
Raw answer: 3
Answer :3
Raw answer: 1
Answer :1
Raw answer: 3
Answer :3
Raw answer: 3
Answer :3
Raw answer: 1
Answer :1
Raw answer: 1
Answer :1
Raw answer: 3
Answer :3
[5, 3, 4, 4, 3, 3, 1, 3, 3, 5, 1, 1, 3, 3, 1, 3, 4, 3, 1, 3, 3, 1, 1, 3]
0.775
Round 3 - conscientiousness metric: 0.775
Raw answer: 5
Answer :5
Raw answer: 3
Answer :3
Raw answer: 4
Answer :4
Raw answer: 4
Answer :4
Raw answer: 3
Answer :3
Raw answer: 3
Answer :3
Raw answer: 1
Answer :1
Raw answer: 3
Answer :3
Raw answer: 3
Answer :3
Raw answer: 5
Answer :5
Raw answer: 1
Answer :1
Raw answer: 1
Answer :1
Raw answer: 3
Answer :3
Raw answer: 3
Answer :3
Raw answer: 1
Answer :1
Raw answer: 3
Answer :3
Raw answer: 4
Answer :4
Raw answer: 3
Answer :3
Raw answer: 1
Answer :1
Raw answer: 3
Answer :3
Raw answer: 1
Answer :1
Raw answer: 1
Answer :1
Raw answer: 1
Answer :1
Raw answer: 1
Answer :1
[5, 3, 4, 4, 3, 3, 1, 3, 3, 5, 1, 1, 3, 3, 1, 3, 4, 3, 1, 3, 1, 1, 1, 1]
0.8083333333333333
Round 4 - conscientiousness metric: 0.8083333333333333
Raw answer: 5
Answer :5
Raw answer: 3
Answer :3
Raw answer: 4
Answer :4
Raw answer: 4
Answer :4
Raw answer: 3
Answer :3
Raw answer: 3
Answer :3
Raw answer: 1
Answer :1
Raw answer: 3
Answer :3
Raw answer: 3
Answer :3
Raw answer: 5
Answer :5
Raw answer: 1
Answer :1
Raw answer: 1
Answer :1
Raw answer: 3
Answer :3
Raw answer: 3
Answer :3
Raw answer: 1
Answer :1
Raw answer: 3
Answer :3
Raw answer: 4
Answer :4
Raw answer: 3
Answer :3
Raw answer: 1
Answer :1
Raw answer: 3
Answer :3
Raw answer: 3
Answer :3
Raw answer: 1
Answer :1
Raw answer: 1
Answer :1
Raw answer: 3
Answer :3
[5, 3, 4, 4, 3, 3, 1, 3, 3, 5, 1, 1, 3, 3, 1, 3, 4, 3, 1, 3, 3, 1, 1, 3]
0.775
Round 5 - conscientiousness metric: 0.775
Raw answer: 5
Answer :5
Raw answer: 3
Answer :3
Raw answer: 4
Answer :4
Raw answer: 4
Answer :4
Raw answer: 3
Answer :3
Raw answer: 3
Answer :3
Raw answer: 1
Answer :1
Raw answer: 3
Answer :3
Raw answer: 3
Answer :3
Raw answer: 5
Answer :5
Raw answer: 1
Answer :1
Raw answer: 1
Answer :1
Raw answer: 3
Answer :3
Raw answer: 3
Answer :3
Raw answer: 1
Answer :1
Raw answer: 3
Answer :3
Raw answer: 4
Answer :4
Raw answer: 3
Answer :3
Raw answer: 1
Answer :1
Raw answer: 3
Answer :3
Raw answer: 3
Answer :3
Raw answer: 1
Answer :1
Raw answer: 1
Answer :1
Raw answer: 3
Answer :3
[5, 3, 4, 4, 3, 3, 1, 3, 3, 5, 1, 1, 3, 3, 1, 3, 4, 3, 1, 3, 3, 1, 1, 3]
0.775
Round 6 - conscientiousness metric: 0.775
Raw answer: 5
Answer :5
Raw answer: 3
Answer :3
Raw answer: 4
Answer :4
Raw answer: 4
Answer :4
Raw answer: 3
Answer :3
Raw answer: 3
Answer :3
Raw answer: 1
Answer :1
Raw answer: 3
Answer :3
Raw answer: 3
Answer :3
Raw answer: 5
Answer :5
Raw answer: 1
Answer :1
Raw answer: 1
Answer :1
Raw answer: 3
Answer :3
Raw answer: 3
Answer :3
Raw answer: 1
Answer :1
Raw answer: 3
Answer :3
Raw answer: 3
Answer :3
Raw answer: 3
Answer :3
Raw answer: 1
Answer :1
Raw answer: 3
Answer :3
Raw answer: 3
Answer :3
Raw answer: 1
Answer :1
Raw answer: 1
Answer :1
Raw answer: 1
Answer :1
[5, 3, 4, 4, 3, 3, 1, 3, 3, 5, 1, 1, 3, 3, 1, 3, 3, 3, 1, 3, 3, 1, 1, 1]
0.7833333333333333
Round 7 - conscientiousness metric: 0.7833333333333333
Raw answer: 5
Answer :5
Raw answer: 3
Answer :3
Raw answer: 4
Answer :4
Raw answer: 4
Answer :4
Raw answer: 3
Answer :3
Raw answer: 3
Answer :3
Raw answer: 1
Answer :1
Raw answer: 3
Answer :3
Raw answer: 3
Answer :3
Raw answer: 5
Answer :5
Raw answer: 1
Answer :1
Raw answer: 1
Answer :1
Raw answer: 3
Answer :3
Raw answer: 3
Answer :3
Raw answer: 1
Answer :1
Raw answer: 3
Answer :3
Raw answer: 3
Answer :3
Raw answer: 3
Answer :3
Raw answer: 1
Answer :1
Raw answer: 3
Answer :3
Raw answer: 3
Answer :3
Raw answer: 1
Answer :1
Raw answer: 1
Answer :1
Raw answer: 1
Answer :1
[5, 3, 4, 4, 3, 3, 1, 3, 3, 5, 1, 1, 3, 3, 1, 3, 3, 3, 1, 3, 3, 1, 1, 1]
0.7833333333333333
Round 8 - conscientiousness metric: 0.7833333333333333
Raw answer: 5
Answer :5
Raw answer: 3
Answer :3
Raw answer: 4
Answer :4
Raw answer: 4
Answer :4
Raw answer: 3
Answer :3
Raw answer: 3
Answer :3
Raw answer: 1
Answer :1
Raw answer: 3
Answer :3
Raw answer: 3
Answer :3
Raw answer: 5
Answer :5
Raw answer: 1
Answer :1
Raw answer: 1
Answer :1
Raw answer: 3
Answer :3
Raw answer: 3
Answer :3
Raw answer: 1
Answer :1
Raw answer: 3
Answer :3
Raw answer: 4
Answer :4
Raw answer: 3
Answer :3
Raw answer: 1
Answer :1
Raw answer: 3
Answer :3
Raw answer: 3
Answer :3
Raw answer: 1
Answer :1
Raw answer: 1
Answer :1
Raw answer: 3
Answer :3
[5, 3, 4, 4, 3, 3, 1, 3, 3, 5, 1, 1, 3, 3, 1, 3, 4, 3, 1, 3, 3, 1, 1, 3]
0.775
Round 9 - conscientiousness metric: 0.775
Raw answer: 5
Answer :5
Raw answer: 3
Answer :3
Raw answer: 4
Answer :4
Raw answer: 4
Answer :4
Raw answer: 3
Answer :3
Raw answer: 3
Answer :3
Raw answer: 3
Answer :3
Raw answer: 3
Answer :3
Raw answer: 3
Answer :3
Raw answer: 5
Answer :5
Raw answer: 1
Answer :1
Raw answer: 1
Answer :1
Raw answer: 3
Answer :3
Raw answer: 3
Answer :3
Raw answer: 1
Answer :1
Raw answer: 3
Answer :3
Raw answer: 3
Answer :3
Raw answer: 3
Answer :3
Raw answer: 1
Answer :1
Raw answer: 3
Answer :3
Raw answer: 3
Answer :3
Raw answer: 1
Answer :1
Raw answer: 1
Answer :1
Raw answer: 1
Answer :1
[5, 3, 4, 4, 3, 3, 3, 3, 3, 5, 1, 1, 3, 3, 1, 3, 3, 3, 1, 3, 3, 1, 1, 1]
0.7666666666666667
Round 10 - conscientiousness metric: 0.7666666666666667
Raw answer: 5
Answer :5
Raw answer: 3
Answer :3
Raw answer: 4
Answer :4
Raw answer: 4
Answer :4
Raw answer: 3
Answer :3
Raw answer: 3
Answer :3
Raw answer: 1
Answer :1
Raw answer: 3
Answer :3
Raw answer: 3
Answer :3
Raw answer: 5
Answer :5
Raw answer: 1
Answer :1
Raw answer: 1
Answer :1
Raw answer: 3
Answer :3
Raw answer: 3
Answer :3
Raw answer: 1
Answer :1
Raw answer: 3
Answer :3
Raw answer: 3
Answer :3
Raw answer: 3
Answer :3
Raw answer: 1
Answer :1
Raw answer: 3
Answer :3
Raw answer: 1
Answer :1
Raw answer: 1
Answer :1
Raw answer: 1
Answer :1
Raw answer: 3
Answer :3
[5, 3, 4, 4, 3, 3, 1, 3, 3, 5, 1, 1, 3, 3, 1, 3, 3, 3, 1, 3, 1, 1, 1, 3]
0.7833333333333333
Round 11 - conscientiousness metric: 0.7833333333333333
Raw answer: 5
Answer :5
Raw answer: 3
Answer :3
Raw answer: 4
Answer :4
Raw answer: 4
Answer :4
Raw answer: 3
Answer :3
Raw answer: 3
Answer :3
Raw answer: 3
Answer :3
Raw answer: 3
Answer :3
Raw answer: 3
Answer :3
Raw answer: 5
Answer :5
Raw answer: 1
Answer :1
Raw answer: 1
Answer :1
Raw answer: 3
Answer :3
Raw answer: 3
Answer :3
Raw answer: 1
Answer :1
Raw answer: 3
Answer :3
Raw answer: 4
Answer :4
Raw answer: 3
Answer :3
Raw answer: 1
Answer :1
Raw answer: 3
Answer :3
Raw answer: 1
Answer :1
Raw answer: 1
Answer :1
Raw answer: 1
Answer :1
Raw answer: 3
Answer :3
[5, 3, 4, 4, 3, 3, 3, 3, 3, 5, 1, 1, 3, 3, 1, 3, 4, 3, 1, 3, 1, 1, 1, 3]
0.775
Round 12 - conscientiousness metric: 0.775
Raw answer: 5
Answer :5
Raw answer: 3
Answer :3
Raw answer: 4
Answer :4
Raw answer: 4
Answer :4
Raw answer: 3
Answer :3
Raw answer: 3
Answer :3
Raw answer: 3
Answer :3
Raw answer: 3
Answer :3
Raw answer: 3
Answer :3
Raw answer: 5
Answer :5
Raw answer: 1
Answer :1
Raw answer: 1
Answer :1
Raw answer: 3
Answer :3
Raw answer: 3
Answer :3
Raw answer: 1
Answer :1
Raw answer: 3
Answer :3
Raw answer: 4
Answer :4
Raw answer: 3
Answer :3
Raw answer: 1
Answer :1
Raw answer: 3
Answer :3
Raw answer: 3
Answer :3
Raw answer: 1
Answer :1
Raw answer: 1
Answer :1
Raw answer: 3
Answer :3
[5, 3, 4, 4, 3, 3, 3, 3, 3, 5, 1, 1, 3, 3, 1, 3, 4, 3, 1, 3, 3, 1, 1, 3]
0.7583333333333333
Round 13 - conscientiousness metric: 0.7583333333333333
Raw answer: 5
Answer :5
Raw answer: 3
Answer :3
Raw answer: 4
Answer :4
Raw answer: 4
Answer :4
Raw answer: 3
Answer :3
Raw answer: 3
Answer :3
Raw answer: 3
Answer :3
Raw answer: 3
Answer :3
Raw answer: 3
Answer :3
Raw answer: 5
Answer :5
Raw answer: 1
Answer :1
Raw answer: 1
Answer :1
Raw answer: 3
Answer :3
Raw answer: 3
Answer :3
Raw answer: 1
Answer :1
Raw answer: 3
Answer :3
Raw answer: 3
Answer :3
Raw answer: 3
Answer :3
Raw answer: 1
Answer :1
Raw answer: 3
Answer :3
Raw answer: 1
Answer :1
Raw answer: 1
Answer :1
Raw answer: 1
Answer :1
Raw answer: 3
Answer :3
[5, 3, 4, 4, 3, 3, 3, 3, 3, 5, 1, 1, 3, 3, 1, 3, 3, 3, 1, 3, 1, 1, 1, 3]
0.7666666666666667
Round 14 - conscientiousness metric: 0.7666666666666667
Raw answer: 5
Answer :5
Raw answer: 3
Answer :3
Raw answer: 4
Answer :4
Raw answer: 4
Answer :4
Raw answer: 3
Answer :3
Raw answer: 3
Answer :3
Raw answer: 1
Answer :1
Raw answer: 3
Answer :3
Raw answer: 3
Answer :3
Raw answer: 5
Answer :5
Raw answer: 1
Answer :1
Raw answer: 1
Answer :1
Raw answer: 3
Answer :3
Raw answer: 3
Answer :3
Raw answer: 1
Answer :1
Raw answer: 3
Answer :3
Raw answer: 4
Answer :4
Raw answer: 3
Answer :3
Raw answer: 1
Answer :1
Raw answer: 3
Answer :3
Raw answer: 3
Answer :3
Raw answer: 1
Answer :1
Raw answer: 1
Answer :1
Raw answer: 3
Answer :3
[5, 3, 4, 4, 3, 3, 1, 3, 3, 5, 1, 1, 3, 3, 1, 3, 4, 3, 1, 3, 3, 1, 1, 3]
0.775
Round 15 - conscientiousness metric: 0.775
Raw answer: 5
Answer :5
Raw answer: 3
Answer :3
Raw answer: 4
Answer :4
Raw answer: 4
Answer :4
Raw answer: 3
Answer :3
Raw answer: 3
Answer :3
Raw answer: 3
Answer :3
Raw answer: 3
Answer :3
Raw answer: 3
Answer :3
Raw answer: 5
Answer :5
Raw answer: 1
Answer :1
Raw answer: 1
Answer :1
Raw answer: 3
Answer :3
Raw answer: 3
Answer :3
Raw answer: 1
Answer :1
Raw answer: 3
Answer :3
Raw answer: 4
Answer :4
Raw answer: 3
Answer :3
Raw answer: 1
Answer :1
Raw answer: 3
Answer :3
Raw answer: 3
Answer :3
Raw answer: 1
Answer :1
Raw answer: 1
Answer :1
Raw answer: 3
Answer :3
[5, 3, 4, 4, 3, 3, 3, 3, 3, 5, 1, 1, 3, 3, 1, 3, 4, 3, 1, 3, 3, 1, 1, 3]
0.7583333333333333
Round 16 - conscientiousness metric: 0.7583333333333333
Raw answer: 5
Answer :5
Raw answer: 3
Answer :3
Raw answer: 4
Answer :4
Raw answer: 4
Answer :4
Raw answer: 3
Answer :3
Raw answer: 3
Answer :3
Raw answer: 3
Answer :3
Raw answer: 3
Answer :3
Raw answer: 3
Answer :3
Raw answer: 5
Answer :5
Raw answer: 1
Answer :1
Raw answer: 1
Answer :1
Raw answer: 3
Answer :3
Raw answer: 3
Answer :3
Raw answer: 1
Answer :1
Raw answer: 3
Answer :3
Raw answer: 3
Answer :3
Raw answer: 3
Answer :3
Raw answer: 1
Answer :1
Raw answer: 3
Answer :3
Raw answer: 3
Answer :3
Raw answer: 1
Answer :1
Raw answer: 1
Answer :1
Raw answer: 3
Answer :3
[5, 3, 4, 4, 3, 3, 3, 3, 3, 5, 1, 1, 3, 3, 1, 3, 3, 3, 1, 3, 3, 1, 1, 3]
0.75
Round 17 - conscientiousness metric: 0.75
Raw answer: 5
Answer :5
Raw answer: 3
Answer :3
Raw answer: 4
Answer :4
Raw answer: 4
Answer :4
Raw answer: 3
Answer :3
Raw answer: 3
Answer :3
Raw answer: 1
Answer :1
Raw answer: 3
Answer :3
Raw answer: 3
Answer :3
Raw answer: 5
Answer :5
Raw answer: 1
Answer :1
Raw answer: 1
Answer :1
Raw answer: 3
Answer :3
Raw answer: 3
Answer :3
Raw answer: 1
Answer :1
Raw answer: 3
Answer :3
Raw answer: 4
Answer :4
Raw answer: 3
Answer :3
Raw answer: 1
Answer :1
Raw answer: 3
Answer :3
Raw answer: 3
Answer :3
Raw answer: 1
Answer :1
Raw answer: 1
Answer :1
Raw answer: 3
Answer :3
[5, 3, 4, 4, 3, 3, 1, 3, 3, 5, 1, 1, 3, 3, 1, 3, 4, 3, 1, 3, 3, 1, 1, 3]
0.775
Round 18 - conscientiousness metric: 0.775
Raw answer: 5
Answer :5
Raw answer: 3
Answer :3
Raw answer: 4
Answer :4
Raw answer: 4
Answer :4
Raw answer: 3
Answer :3
Raw answer: 3
Answer :3
Raw answer: 3
Answer :3
Raw answer: 3
Answer :3
Raw answer: 3
Answer :3
Raw answer: 5
Answer :5
Raw answer: 1
Answer :1
Raw answer: 1
Answer :1
Raw answer: 3
Answer :3
Raw answer: 3
Answer :3
Raw answer: 1
Answer :1
Raw answer: 3
Answer :3
Raw answer: 4
Answer :4
Raw answer: 3
Answer :3
Raw answer: 1
Answer :1
Raw answer: 3
Answer :3
Raw answer: 3
Answer :3
Raw answer: 1
Answer :1
Raw answer: 1
Answer :1
Raw answer: 1
Answer :1
[5, 3, 4, 4, 3, 3, 3, 3, 3, 5, 1, 1, 3, 3, 1, 3, 4, 3, 1, 3, 3, 1, 1, 1]
0.775
Round 19 - conscientiousness metric: 0.775
Raw answer: 5
Answer :5
Raw answer: 3
Answer :3
Raw answer: 4
Answer :4
Raw answer: 4
Answer :4
Raw answer: 3
Answer :3
Raw answer: 3
Answer :3
Raw answer: 3
Answer :3
Raw answer: 3
Answer :3
Raw answer: 3
Answer :3
Raw answer: 5
Answer :5
Raw answer: 1
Answer :1
Raw answer: 1
Answer :1
Raw answer: 3
Answer :3
Raw answer: 3
Answer :3
Raw answer: 1
Answer :1
Raw answer: 3
Answer :3
Raw answer: 3
Answer :3
Raw answer: 3
Answer :3
Raw answer: 1
Answer :1
Raw answer: 3
Answer :3
Raw answer: 3
Answer :3
Raw answer: 1
Answer :1
Raw answer: 1
Answer :1
Raw answer: 3
Answer :3
[5, 3, 4, 4, 3, 3, 3, 3, 3, 5, 1, 1, 3, 3, 1, 3, 3, 3, 1, 3, 3, 1, 1, 3]
0.75
Round 20 - conscientiousness metric: 0.75
Conscientiousness average metric: 0.7729166666666667

===== Evaluating Fine-tuned Model, Adapter Path: ./models/Qwen_7B_Conscientiousness_high/ =====
